<html>
<body>
<pre>
<h1>µVision Build Log</h1>
<h2>Tool Versions:</h2>
IDE-Version: ¦ÌVision V5.33.0.0
Copyright (C) 2020 ARM Ltd and ARM Germany GmbH. All rights reserved.
License Information: zheng naijia, hdu, LIC=ZB4EI-TZR5V-WFZI7-E7XVJ-1GV95-GC7TY
 
Tool Versions:
Toolchain:       MDK-ARM Plus  Version: 5.33.0.0
Toolchain Path:  E:\software\mkd5\ARM\ARMCC\Bin
C Compiler:      Armcc.exe V5.06 update 7 (build 960)
Assembler:       Armasm.exe V5.06 update 7 (build 960)
Linker/Locator:  ArmLink.exe V5.06 update 7 (build 960)
Library Manager: ArmAr.exe V5.06 update 7 (build 960)
Hex Converter:   FromElf.exe V5.06 update 7 (build 960)
CPU DLL:         SARMCM3.DLL V5.33.0.0
Dialog DLL:      DARMSTM.DLL V1.68.0.0
Target DLL:      Segger\JL2CM3.dll V2.99.38.0
Dialog DLL:      TARMSTM.DLL V1.66.0.0
 
<h2>Project:</h2>
C:\Users\86136\Desktop\create_idea\32mcu\gesture_oled\USER\gesture_control.uvprojx
Project File Date:  01/31/2021

<h2>Output:</h2>
*** Using Compiler 'V5.06 update 7 (build 960)', folder: 'E:\software\mkd5\ARM\ARMCC\Bin'
Rebuild target 'OLED'
compiling stm32f10x_it.c...
compiling paj7620u2.c...
compiling tpad.c...
compiling main.c...
compiling paj7620u2_iic.c...
compiling led.c...
compiling system_stm32f10x.c...
compiling rtc.c...
compiling stm32f10x_tim.c...
compiling oled.c...
compiling key.c...
assembling startup_stm32f10x_hd.s...
compiling misc.c...
compiling delay.c...
compiling ILI93xx.c...
compiling stm32f10x_rcc.c...
compiling stm32f10x_bkp.c...
compiling usart.c...
compiling stm32f10x_rtc.c...
compiling stm32f10x_gpio.c...
compiling stm32f10x_usart.c...
compiling core_cm3.c...
compiling stm32f10x_pwr.c...
compiling sys.c...
linking...
Program Size: Code=37584 RO-data=14936 RW-data=64 ZI-data=2880  
FromELF: creating hex file...
"..\OBJ\OLED.axf" - 0 Error(s), 0 Warning(s).

<h2>Software Packages used:</h2>

Package Vendor: Keil
                http://www.keil.com/pack/Keil.STM32F1xx_DFP.2.3.0.pack
                Keil.STM32F1xx_DFP.2.3.0
                STMicroelectronics STM32F1 Series Device Support, Drivers and Examples

<h2>Collection of Component include folders:</h2>
  E:\software\mkd5\Keil\STM32F1xx_DFP\2.3.0\Device\Include

<h2>Collection of Component Files used:</h2>
Build Time Elapsed:  00:00:06
</pre>
</body>
</html>
