Component: ARM Compiler 5.06 update 7 (build 960) Tool: armlink [4d3601]

==============================================================================

Section Cross References

    main.o(.text) refers to sys.o(.text) for Stm32_Clock_Init
    main.o(.text) refers to usart.o(.text) for uart_init
    main.o(.text) refers to delay.o(.text) for delay_init
    main.o(.text) refers to key.o(.text) for KEY_Init
    main.o(.text) refers to misc.o(.text) for NVIC_PriorityGroupConfig
    main.o(.text) refers to led.o(.text) for LED_Init
    main.o(.text) refers to oled.o(.text) for OLED_Init
    main.o(.text) refers to rtc.o(.text) for RTC_Init
    main.o(.text) refers to tpad.o(.text) for TPAD_Init
    main.o(.text) refers to paj7620u2.o(.text) for paj7620u2_init
    main.o(.text) refers to ili93xx.o(.text) for LCD_ShowString
    main.o(.text) refers to paj7620u2_iic.o(.text) for GS_Read_nByte
    system_stm32f10x.o(.text) refers to system_stm32f10x.o(.data) for SystemCoreClock
    led.o(.text) refers to stm32f10x_rcc.o(.text) for RCC_APB2PeriphClockCmd
    led.o(.text) refers to stm32f10x_gpio.o(.text) for GPIO_Init
    key.o(.text) refers to stm32f10x_rcc.o(.text) for RCC_APB2PeriphClockCmd
    key.o(.text) refers to stm32f10x_gpio.o(.text) for GPIO_Init
    key.o(.text) refers to delay.o(.text) for delay_ms
    key.o(.text) refers to key.o(.data) for key_up
    oled.o(.text) refers to stm32f10x_gpio.o(.text) for GPIO_Write
    oled.o(.text) refers to oled.o(.bss) for OLED_GRAM
    oled.o(.text) refers to oled.o(.constdata) for asc2_1206
    oled.o(.text) refers to stm32f10x_rcc.o(.text) for RCC_APB2PeriphClockCmd
    oled.o(.text) refers to delay.o(.text) for delay_ms
    oled.o(.text) refers to tpad.o(.text) for TPAD_Scan
    oled.o(.text) refers to rtc.o(.bss) for calendar
    tpad.o(.text) refers to _printf_percent.o(.ARM.Collect$$_printf_percent$$00000000) for _printf_percent
    tpad.o(.text) refers to _printf_d.o(.ARM.Collect$$_printf_percent$$00000009) for _printf_d
    tpad.o(.text) refers to _printf_dec.o(.text) for _printf_int_dec
    tpad.o(.text) refers to stm32f10x_rcc.o(.text) for RCC_APB2PeriphClockCmd
    tpad.o(.text) refers to stm32f10x_gpio.o(.text) for GPIO_Init
    tpad.o(.text) refers to delay.o(.text) for delay_ms
    tpad.o(.text) refers to stm32f10x_tim.o(.text) for TIM_SetCounter
    tpad.o(.text) refers to noretval__2printf.o(.text) for __2printf
    tpad.o(.text) refers to tpad.o(.data) for tpad_default_val
    stm32f10x_tim.o(.text) refers to stm32f10x_rcc.o(.text) for RCC_APB2PeriphResetCmd
    rtc.o(.text) refers to _printf_percent.o(.ARM.Collect$$_printf_percent$$00000000) for _printf_percent
    rtc.o(.text) refers to _printf_d.o(.ARM.Collect$$_printf_percent$$00000009) for _printf_d
    rtc.o(.text) refers to _printf_dec.o(.text) for _printf_int_dec
    rtc.o(.text) refers to misc.o(.text) for NVIC_Init
    rtc.o(.text) refers to stm32f10x_rtc.o(.text) for RTC_GetCounter
    rtc.o(.text) refers to stm32f10x_rcc.o(.text) for RCC_APB1PeriphClockCmd
    rtc.o(.text) refers to stm32f10x_pwr.o(.text) for PWR_BackupAccessCmd
    rtc.o(.text) refers to stm32f10x_bkp.o(.text) for BKP_ReadBackupRegister
    rtc.o(.text) refers to delay.o(.text) for delay_ms
    rtc.o(.text) refers to noretval__2printf.o(.text) for __2printf
    rtc.o(.text) refers to rtc.o(.constdata) for table_week
    rtc.o(.text) refers to rtc.o(.data) for daycnt
    rtc.o(.text) refers to rtc.o(.bss) for calendar
    paj7620u2.o(.text) refers to _printf_percent.o(.ARM.Collect$$_printf_percent$$00000000) for _printf_percent
    paj7620u2.o(.text) refers to _printf_d.o(.ARM.Collect$$_printf_percent$$00000009) for _printf_d
    paj7620u2.o(.text) refers to _printf_dec.o(.text) for _printf_int_dec
    paj7620u2.o(.text) refers to paj7620u2_iic.o(.text) for GS_Write_Byte
    paj7620u2.o(.text) refers to delay.o(.text) for delay_ms
    paj7620u2.o(.text) refers to ili93xx.o(.text) for LCD_Fill
    paj7620u2.o(.text) refers to key.o(.text) for KEY_Scan
    paj7620u2.o(.text) refers to noretval__2printf.o(.text) for __2printf
    paj7620u2.o(.text) refers to paj7620u2.o(.constdata) for init_Array
    paj7620u2.o(.text) refers to ili93xx.o(.data) for POINT_COLOR
    paj7620u2_iic.o(.text) refers to delay.o(.text) for delay_us
    ili93xx.o(.text) refers to _printf_percent.o(.ARM.Collect$$_printf_percent$$00000000) for _printf_percent
    ili93xx.o(.text) refers to _printf_x.o(.ARM.Collect$$_printf_percent$$0000000C) for _printf_x
    ili93xx.o(.text) refers to _printf_hex_int.o(.text) for _printf_longlong_hex
    ili93xx.o(.text) refers to delay.o(.text) for delay_us
    ili93xx.o(.text) refers to ili93xx.o(.bss) for lcddev
    ili93xx.o(.text) refers to ili93xx.o(.data) for POINT_COLOR
    ili93xx.o(.text) refers to dflt_clz.o(x$fpl$dfltu) for __aeabi_ui2d
    ili93xx.o(.text) refers to dmul.o(x$fpl$dmul) for __aeabi_dmul
[...]
    ../clib/printf.c                         0x00000000   Number         0  __printf_flags_ss_wp.o ABSOLUTE
    ../clib/printf.c                         0x00000000   Number         0  _printf_hex_int_ptr.o ABSOLUTE
    ../clib/printf.c                         0x00000000   Number         0  _printf_hex_int_ll.o ABSOLUTE
    ../clib/printf.c                         0x00000000   Number         0  _printf_hex_ptr.o ABSOLUTE
    ../clib/printf_percent.s                 0x00000000   Number         0  _printf_d.o ABSOLUTE
    ../clib/printf_percent.s                 0x00000000   Number         0  _printf_percent.o ABSOLUTE
    ../clib/printf_percent.s                 0x00000000   Number         0  _printf_x.o ABSOLUTE
    ../clib/printf_percent.s                 0x00000000   Number         0  _printf_percent_end.o ABSOLUTE
    ../clib/signal.c                         0x00000000   Number         0  defsig_rtmem_formal.o ABSOLUTE
    ../clib/signal.c                         0x00000000   Number         0  defsig_other.o ABSOLUTE
    ../clib/signal.c                         0x00000000   Number         0  defsig_segv_inner.o ABSOLUTE
    ../clib/signal.c                         0x00000000   Number         0  defsig_pvfn_inner.o ABSOLUTE
    ../clib/signal.c                         0x00000000   Number         0  defsig_stak_inner.o ABSOLUTE
    ../clib/signal.c                         0x00000000   Number         0  defsig_rtred_inner.o ABSOLUTE
    ../clib/signal.c                         0x00000000   Number         0  defsig_fpe_inner.o ABSOLUTE
    ../clib/signal.c                         0x00000000   Number         0  defsig_abrt_inner.o ABSOLUTE
    ../clib/signal.c                         0x00000000   Number         0  defsig_general.o ABSOLUTE
    ../clib/signal.c                         0x00000000   Number         0  __raise.o ABSOLUTE
    ../clib/signal.c                         0x00000000   Number         0  defsig_rtmem_inner.o ABSOLUTE
    ../clib/signal.c                         0x00000000   Number         0  defsig_exit.o ABSOLUTE
    ../clib/signal.c                         0x00000000   Number         0  defsig_rtmem_outer.o ABSOLUTE
    ../clib/signal.c                         0x00000000   Number         0  defsig_cppl_inner.o ABSOLUTE
    ../clib/signal.s                         0x00000000   Number         0  defsig.o ABSOLUTE
    ../clib/stdio.c                          0x00000000   Number         0  ferror_locked.o ABSOLUTE
    ../clib/stdio.c                          0x00000000   Number         0  ferror.o ABSOLUTE
    ../clib/stdlib.c                         0x00000000   Number         0  exit.o ABSOLUTE
    ../fplib/dfixu.s                         0x00000000   Number         0  dfixu.o ABSOLUTE
    ../fplib/dflt.s                          0x00000000   Number         0  dflt_clz.o ABSOLUTE
    ../fplib/dmul.s                          0x00000000   Number         0  dmul.o ABSOLUTE
    ../fplib/dnaninf.s                       0x00000000   Number         0  dnaninf.o ABSOLUTE
    ../fplib/dretinf.s                       0x00000000   Number         0  dretinf.o ABSOLUTE
    ../fplib/fpinit.s                        0x00000000   Number         0  fpinit.o ABSOLUTE
    ../fplib/usenofp.s                       0x00000000   Number         0  usenofp.o ABSOLUTE
    ..\..\myclock\STM32F10x_FWLib\src\stm32f10x_bkp.c 0x00000000   Number         0  stm32f10x_bkp.o ABSOLUTE
    ..\..\myclock\STM32F10x_FWLib\src\stm32f10x_pwr.c 0x00000000   Number         0  stm32f10x_pwr.o ABSOLUTE
    ..\..\myclock\STM32F10x_FWLib\src\stm32f10x_rtc.c 0x00000000   Number         0  stm32f10x_rtc.o ABSOLUTE
    ..\CORE\core_cm3.c                       0x00000000   Number         0  core_cm3.o ABSOLUTE
    ..\CORE\startup_stm32f10x_hd.s           0x00000000   Number         0  startup_stm32f10x_hd.o ABSOLUTE
    ..\HARDWARE\KEY\key.c                    0x00000000   Number         0  key.o ABSOLUTE
    ..\HARDWARE\LCD\ILI93xx.c                0x00000000   Number         0  ili93xx.o ABSOLUTE
    ..\HARDWARE\LED\led.c                    0x00000000   Number         0  led.o ABSOLUTE
    ..\HARDWARE\OLED\oled.c                  0x00000000   Number         0  oled.o ABSOLUTE
    ..\HARDWARE\PAJ7620U2\paj7620u2.c        0x00000000   Number         0  paj7620u2.o ABSOLUTE
    ..\HARDWARE\PAJ7620U2\paj7620u2_iic.c    0x00000000   Number         0  paj7620u2_iic.o ABSOLUTE
    ..\HARDWARE\RTC\rtc.c                    0x00000000   Number         0  rtc.o ABSOLUTE
    ..\HARDWARE\TIM\stm32f10x_tim.c          0x00000000   Number         0  stm32f10x_tim.o ABSOLUTE
    ..\HARDWARE\TPAD\tpad.c                  0x00000000   Number         0  tpad.o ABSOLUTE
    ..\STM32F10x_FWLib\src\misc.c            0x00000000   Number         0  misc.o ABSOLUTE
    ..\STM32F10x_FWLib\src\stm32f10x_gpio.c  0x00000000   Number         0  stm32f10x_gpio.o ABSOLUTE
    ..\STM32F10x_FWLib\src\stm32f10x_rcc.c   0x00000000   Number         0  stm32f10x_rcc.o ABSOLUTE
    ..\STM32F10x_FWLib\src\stm32f10x_usart.c 0x00000000   Number         0  stm32f10x_usart.o ABSOLUTE
    ..\SYSTEM\delay\delay.c                  0x00000000   Number         0  delay.o ABSOLUTE
    ..\SYSTEM\sys\sys.c                      0x00000000   Number         0  sys.o ABSOLUTE
    ..\SYSTEM\usart\usart.c                  0x00000000   Number         0  usart.o ABSOLUTE
    ..\\CORE\\core_cm3.c                     0x00000000   Number         0  core_cm3.o ABSOLUTE
    ..\\SYSTEM\\sys\\sys.c                   0x00000000   Number         0  sys.o ABSOLUTE
    dc.s                                     0x00000000   Number         0  dc.o ABSOLUTE
    main.c                                   0x00000000   Number         0  main.o ABSOLUTE
    stm32f10x_it.c                           0x00000000   Number         0  stm32f10x_it.o ABSOLUTE
    system_stm32f10x.c                       0x00000000   Number         0  system_stm32f10x.o ABSOLUTE
    RESET                                    0x08000000   Section      304  startup_stm32f10x_hd.o(RESET)
    !!!main                                  0x08000130   Section        8  __main.o(!!!main)
    !!!scatter                               0x08000138   Section       52  __scatter.o(!!!scatter)
    !!handler_copy                           0x0800016c   Section       26  __scatter_copy.o(!!handler_copy)
    !!handler_zi                             0x08000188   Section       28  __scatter_zi.o(!!handler_zi)
    .ARM.Collect$$_printf_percent$$00000000  0x080001a4   Section        0  _printf_percent.o(.ARM.Collect$$_printf_percent$$00000000)
    .ARM.Collect$$_printf_percent$$00000009  0x080001a4   Section        6  _printf_d.o(.ARM.Collect$$_printf_percent$$00000009)
    .ARM.Collect$$_printf_percent$$0000000C  0x080001aa   Section        6  _printf_x.o(.ARM.Collect$$_printf_percent$$0000000C)
    .ARM.Collect$$_printf_percent$$00000017  0x080001b0   Section        4  _printf_percent_end.o(.ARM.Collect$$_printf_percent$$00000017)
    .ARM.Collect$$libinit$$00000000          0x080001b4   Section        2  libinit.o(.ARM.Collect$$libinit$$00000000)
    .ARM.Collect$$libinit$$00000002          0x080001b6   Section        0  libinit2.o(.ARM.Collect$$libinit$$00000002)
    .ARM.Collect$$libinit$$00000004          0x080001b6   Section        0  libinit2.o(.ARM.Collect$$libinit$$00000004)
    .ARM.Collect$$libinit$$0000000A          0x080001b6   Section        0  libinit2.o(.ARM.Collect$$libinit$$0000000A)
    .ARM.Collect$$libinit$$0000000C          0x080001b6   Section        0  libinit2.o(.ARM.Collect$$libinit$$0000000C)
    .ARM.Collect$$libinit$$0000000E          0x080001b6   Section        0  libinit2.o(.ARM.Collect$$libinit$$0000000E)
    .ARM.Collect$$libinit$$00000011          0x080001b6   Section        0  libinit2.o(.ARM.Collect$$libinit$$00000011)
    .ARM.Collect$$libinit$$00000013          0x080001b6   Section        0  libinit2.o(.ARM.Collect$$libinit$$00000013)
    .ARM.Collect$$libinit$$00000015          0x080001b6   Section        0  libinit2.o(.ARM.Collect$$libinit$$00000015)
    .ARM.Collect$$libinit$$00000017          0x080001b6   Section        0  libinit2.o(.ARM.Collect$$libinit$$00000017)
    .ARM.Collect$$libinit$$00000019          0x080001b6   Section        0  libinit2.o(.ARM.Collect$$libinit$$00000019)
    .ARM.Collect$$libinit$$0000001B          0x080001b6   Section        0  libinit2.o(.ARM.Collect$$libinit$$0000001B)
    .ARM.Collect$$libinit$$0000001D          0x080001b6   Section        0  libinit2.o(.ARM.Collect$$libinit$$0000001D)
    .ARM.Collect$$libinit$$0000001F          0x080001b6   Section        0  libinit2.o(.ARM.Collect$$libinit$$0000001F)
    .ARM.Collect$$libinit$$00000021          0x080001b6   Section        0  libinit2.o(.ARM.Collect$$libinit$$00000021)
    .ARM.Collect$$libinit$$00000023          0x080001b6   Section        0  libinit2.o(.ARM.Collect$$libinit$$00000023)
    .ARM.Collect$$libinit$$00000025          0x080001b6   Section        0  libinit2.o(.ARM.Collect$$libinit$$00000025)
    .ARM.Collect$$libinit$$0000002C          0x080001b6   Section        0  libinit2.o(.ARM.Collect$$libinit$$0000002C)
    .ARM.Collect$$libinit$$0000002E          0x080001b6   Section        0  libinit2.o(.ARM.Collect$$libinit$$0000002E)
    .ARM.Collect$$libinit$$00000030          0x080001b6   Section        0  libinit2.o(.ARM.Collect$$libinit$$00000030)
    .ARM.Collect$$libinit$$00000032          0x080001b6   Section        0  libinit2.o(.ARM.Collect$$libinit$$00000032)
    .ARM.Collect$$libinit$$00000033          0x080001b6   Section        2  libinit2.o(.ARM.Collect$$libinit$$00000033)
    .ARM.Collect$$libshutdown$$00000000      0x080001b8   Section        2  libshutdown.o(.ARM.Collect$$libshutdown$$00000000)
    .ARM.Collect$$libshutdown$$00000002      0x080001ba   Section        0  libshutdown2.o(.ARM.Collect$$libshutdown$$00000002)
    .ARM.Collect$$libshutdown$$00000004      0x080001ba   Section        0  libshutdown2.o(.ARM.Collect$$libshutdown$$00000004)
    .ARM.Collect$$libshutdown$$00000006      0x080001ba   Section        0  libshutdown2.o(.ARM.Collect$$libshutdown$$00000006)
    .ARM.Collect$$libshutdown$$00000009      0x080001ba   Section        0  libshutdown2.o(.ARM.Collect$$libshutdown$$00000009)
    .ARM.Collect$$libshutdown$$0000000C      0x080001ba   Section        0  libshutdown2.o(.ARM.Collect$$libshutdown$$0000000C)
    .ARM.Collect$$libshutdown$$0000000E      0x080001ba   Section        0  libshutdown2.o(.ARM.Collect$$libshutdown$$0000000E)
    .ARM.Collect$$libshutdown$$00000011      0x080001ba   Section        0  libshutdown2.o(.ARM.Collect$$libshutdown$$00000011)
    .ARM.Collect$$libshutdown$$00000012      0x080001ba   Section        2  libshutdown2.o(.ARM.Collect$$libshutdown$$00000012)
    .ARM.Collect$$rtentry$$00000000          0x080001bc   Section        0  __rtentry.o(.ARM.Collect$$rtentry$$00000000)
    .ARM.Collect$$rtentry$$00000002          0x080001bc   Section        0  __rtentry2.o(.ARM.Collect$$rtentry$$00000002)
    .ARM.Collect$$rtentry$$00000004          0x080001bc   Section        6  __rtentry4.o(.ARM.Collect$$rtentry$$00000004)
    .ARM.Collect$$rtentry$$00000009          0x080001c2   Section        0  __rtentry2.o(.ARM.Collect$$rtentry$$00000009)
    .ARM.Collect$$rtentry$$0000000A          0x080001c2   Section        4  __rtentry2.o(.ARM.Collect$$rtentry$$0000000A)
    .ARM.Collect$$rtentry$$0000000C          0x080001c6   Section        0  __rtentry2.o(.ARM.Collect$$rtentry$$0000000C)
    .ARM.Collect$$rtentry$$0000000D          0x080001c6   Section        8  __rtentry2.o(.ARM.Collect$$rtentry$$0000000D)
    .ARM.Collect$$rtexit$$00000000           0x080001ce   Section        2  rtexit.o(.ARM.Collect$$rtexit$$00000000)
    .ARM.Collect$$rtexit$$00000002           0x080001d0   Section        0  rtexit2.o(.ARM.Collect$$rtexit$$00000002)
    .ARM.Collect$$rtexit$$00000003           0x080001d0   Section        4  rtexit2.o(.ARM.Collect$$rtexit$$00000003)
    .ARM.Collect$$rtexit$$00000004           0x080001d4   Section        6  rtexit2.o(.ARM.Collect$$rtexit$$00000004)
    .text                                    0x080001dc   Section        0  main.o(.text)
    .text                                    0x08000308   Section        0  stm32f10x_it.o(.text)
    .text                                    0x08000324   Section        0  system_stm32f10x.o(.text)
    SetSysClockTo72                          0x08000325   Thumb Code   214  system_stm32f10x.o(.text)
    SetSysClock                              0x080003fb   Thumb Code     8  system_stm32f10x.o(.text)
    .text                                    0x08000504   Section        0  led.o(.text)
    .text                                    0x0800054c   Section        0  key.o(.text)
    .text                                    0x08000624   Section        0  oled.o(.text)
    .text                                    0x08001168   Section        0  tpad.o(.text)
    .text                                    0x080013a0   Section        0  stm32f10x_tim.o(.text)
    TI4_Config                               0x08001847   Thumb Code   130  stm32f10x_tim.o(.text)
    TI3_Config                               0x080018db   Thumb Code   122  stm32f10x_tim.o(.text)
    TI2_Config                               0x0800196f   Thumb Code   130  stm32f10x_tim.o(.text)
    TI1_Config                               0x08001a03   Thumb Code   108  stm32f10x_tim.o(.text)
    .text                                    0x080021bc   Section        0  rtc.o(.text)
    RTC_NVIC_Config                          0x080021bd   Thumb Code    32  rtc.o(.text)
    .text                                    0x08002634   Section        0  paj7620u2.o(.text)
    .text                                    0x08002cac   Section        0  paj7620u2_iic.o(.text)
    GS_IIC_Start                             0x08002cad   Thumb Code    64  paj7620u2_iic.o(.text)
    GS_IIC_Stop                              0x08002ced   Thumb Code    66  paj7620u2_iic.o(.text)
    GS_IIC_Wait_Ack                          0x08002d2f   Thumb Code    90  paj7620u2_iic.o(.text)
    GS_IIC_Ack                               0x08002d89   Thumb Code    70  paj7620u2_iic.o(.text)
    GS_IIC_NAck                              0x08002dcf   Thumb Code    70  paj7620u2_iic.o(.text)
    GS_IIC_Send_Byte                         0x08002e15   Thumb Code   104  paj7620u2_iic.o(.text)
    GS_IIC_Read_Byte                         0x08002e7d   Thumb Code   100  paj7620u2_iic.o(.text)
    .text                                    0x08003018   Section        0  ili93xx.o(.text)
    .text                                    0x08007adc   Section        0  delay.o(.text)
    .text                                    0x08007bb0   Section        0  sys.o(.text)
    .text                                    0x08007e78   Section        0  usart.o(.text)
    .text                                    0x08007fb8   Section       64  startup_stm32f10x_hd.o(.text)
    .text                                    0x08007ff8   Section        0  misc.o(.text)
    .text                                    0x080080d4   Section        0  stm32f10x_gpio.o(.text)
    .text                                    0x08008430   Section        0  stm32f10x_rcc.o(.text)
    .text                                    0x080087d4   Section        0  stm32f10x_usart.o(.text)
    .text                                    0x08008bdc   Section        0  stm32f10x_bkp.o(.text)
    .text                                    0x08008ca0   Section        0  stm32f10x_rtc.o(.text)
    .text                                    0x08008de8   Section        0  stm32f10x_pwr.o(.text)
    .text                                    0x08008eb4   Section        2  use_no_semi_2.o(.text)
    .text                                    0x08008eb8   Section        0  noretval__2printf.o(.text)
    .text                                    0x08008ed0   Section        0  __printf.o(.text)
    .text                                    0x08008f38   Section        0  _printf_dec.o(.text)
    .text                                    0x08008fb0   Section        0  _printf_hex_int.o(.text)
    .text                                    0x08009008   Section        0  heapauxi.o(.text)
    .text                                    0x0800900e   Section        2  use_no_semi.o(.text)
    .text                                    0x08009010   Section        0  _printf_intcommon.o(.text)
    .text                                    0x080090c4   Section        0  _printf_char_file.o(.text)
    .text                                    0x080090e8   Section        0  _printf_char_common.o(.text)
    _printf_input_char                       0x080090e9   Thumb Code    10  _printf_char_common.o(.text)
    .text                                    0x08009118   Section        0  ferror.o(.text)
    .text                                    0x08009120   Section       74  sys_stackheap_outer.o(.text)
    .text                                    0x0800916a   Section        0  exit.o(.text)
    .text                                    0x0800917c   Section        8  libspace.o(.text)
    x$fpl$dfixu                              0x08009184   Section       90  dfixu.o(x$fpl$dfixu)
    x$fpl$dfltu                              0x080091de   Section       38  dflt_clz.o(x$fpl$dfltu)
    x$fpl$dmul                               0x08009204   Section      340  dmul.o(x$fpl$dmul)
    x$fpl$dnaninf                            0x08009358   Section      156  dnaninf.o(x$fpl$dnaninf)
    x$fpl$dretinf                            0x080093f4   Section       12  dretinf.o(x$fpl$dretinf)
    .constdata                               0x08009400   Section     8224  oled.o(.constdata)
    x$fpl$usenofp                            0x08009400   Section        0  usenofp.o(x$fpl$usenofp)
    .constdata                               0x0800b420   Section       24  rtc.o(.constdata)
    .constdata                               0x0800b438   Section      232  paj7620u2.o(.constdata)
    .constdata                               0x0800b520   Section     6080  ili93xx.o(.constdata)
    asc2_1206                                0x0800b520   Data        1140  ili93xx.o(.constdata)
    asc2_1608                                0x0800b994   Data        1520  ili93xx.o(.constdata)
    asc2_2412                                0x0800bf84   Data        3420  ili93xx.o(.constdata)
    .constdata                               0x0800cce0   Section       40  _printf_hex_int.o(.constdata)
    uc_hextab                                0x0800cce0   Data          20  _printf_hex_int.o(.constdata)
    lc_hextab                                0x0800ccf4   Data          20  _printf_hex_int.o(.constdata)
    .data                                    0x20000000   Section       20  system_stm32f10x.o(.data)
    .data                                    0x20000014   Section        1  key.o(.data)
    key_up                                   0x20000014   Data           1  key.o(.data)
    .data                                    0x20000016   Section        3  tpad.o(.data)
    keyen                                    0x20000018   Data           1  tpad.o(.data)
    .data                                    0x2000001a   Section        2  rtc.o(.data)
    daycnt                                   0x2000001a   Data           2  rtc.o(.data)
    .data                                    0x2000001c   Section        4  ili93xx.o(.data)
    .data                                    0x20000020   Section        4  delay.o(.data)
    fac_us                                   0x20000020   Data           1  delay.o(.data)
    fac_ms                                   0x20000022   Data           2  delay.o(.data)
    .data                                    0x20000024   Section        6  usart.o(.data)
    .data                                    0x2000002a   Section       20  stm32f10x_rcc.o(.data)
    APBAHBPrescTable                         0x2000002a   Data          16  stm32f10x_rcc.o(.data)
    ADCPrescTable                            0x2000003a   Data           4  stm32f10x_rcc.o(.data)
    .bss                                     0x20000040   Section     1024  oled.o(.bss)
    .bss                                     0x20000440   Section       10  rtc.o(.bss)
    .bss                                     0x2000044a   Section       14  ili93xx.o(.bss)
    .bss                                     0x20000458   Section      200  usart.o(.bss)
    .bss                                     0x20000520   Section       96  libspace.o(.bss)
    HEAP                                     0x20000580   Section      512  startup_stm32f10x_hd.o(HEAP)
    Heap_Mem                                 0x20000580   Data         512  startup_stm32f10x_hd.o(HEAP)
    STACK                                    0x20000780   Section     1024  startup_stm32f10x_hd.o(STACK)
    Stack_Mem                                0x20000780   Data        1024  startup_stm32f10x_hd.o(STACK)
    __initial_sp                             0x20000b80   Data           0  startup_stm32f10x_hd.o(STACK)

    Global Symbols

    Symbol Name                              Value     Ov Type        Size  Object(Section)

    BuildAttributes$$THM_ISAv4$P$D$K$B$S$PE$A:L22UL41UL21$X:L11$S22US41US21$IEEE1$IW$USESV6$~STKCKD$USESV7$~SHL$OSPACE$ROPI$EBA8$UX$STANDARDLIB$REQ8$PRES8$EABIv2 0x00000000   Number         0  anon$$obj.o ABSOLUTE
    __ARM_use_no_argv                        0x00000000   Number         0  main.o ABSOLUTE
    __ARM_exceptions_init                     - Undefined Weak Reference
    __alloca_initialize                       - Undefined Weak Reference
    __arm_fini_                               - Undefined Weak Reference
    __arm_preinit_                            - Undefined Weak Reference
    __cpp_initialize__aeabi_                  - Undefined Weak Reference
    __cxa_finalize                            - Undefined Weak Reference
    __rt_locale                               - Undefined Weak Reference
    __sigvec_lookup                           - Undefined Weak Reference
    _atexit_init                              - Undefined Weak Reference
    _call_atexit_fns                          - Undefined Weak Reference
    _clock_init                               - Undefined Weak Reference
    _fp_trap_init                             - Undefined Weak Reference
    _fp_trap_shutdown                         - Undefined Weak Reference
    _get_lc_collate                           - Undefined Weak Reference
    _get_lc_ctype                             - Undefined Weak Reference
    _get_lc_monetary                          - Undefined Weak Reference
    _get_lc_numeric                           - Undefined Weak Reference
    _get_lc_time                              - Undefined Weak Reference
    _getenv_init                              - Undefined Weak Reference
    _handle_redirection                       - Undefined Weak Reference
    _init_alloc                               - Undefined Weak Reference
    _init_user_alloc                          - Undefined Weak Reference
    _initio                                   - Undefined Weak Reference
    _mutex_acquire                            - Undefined Weak Reference
    _mutex_release                            - Undefined Weak Reference
    _printf_post_padding                      - Undefined Weak Reference
    _printf_pre_padding                       - Undefined Weak Reference
    _printf_truncate_signed                   - Undefined Weak Reference
    _printf_truncate_unsigned                 - Undefined Weak Reference
    _rand_init                                - Undefined Weak Reference
    _signal_finish                            - Undefined Weak Reference
    _signal_init                              - Undefined Weak Reference
    _terminate_alloc                          - Undefined Weak Reference
    _terminate_user_alloc                     - Undefined Weak Reference
    _terminateio                              - Undefined Weak Reference
    __Vectors_Size                           0x00000130   Number         0  startup_stm32f10x_hd.o ABSOLUTE
    __Vectors                                0x08000000   Data           4  startup_stm32f10x_hd.o(RESET)
    __Vectors_End                            0x08000130   Data           0  startup_stm32f10x_hd.o(RESET)
    __main                                   0x08000131   Thumb Code     8  __main.o(!!!main)
    __scatterload                            0x08000139   Thumb Code     0  __scatter.o(!!!scatter)
    __scatterload_rt2                        0x08000139   Thumb Code    44  __scatter.o(!!!scatter)
    __scatterload_rt2_thumb_only             0x08000139   Thumb Code     0  __scatter.o(!!!scatter)
    __scatterload_null                       0x08000147   Thumb Code     0  __scatter.o(!!!scatter)
    __scatterload_copy                       0x0800016d   Thumb Code    26  __scatter_copy.o(!!handler_copy)
    __scatterload_zeroinit                   0x08000189   Thumb Code    28  __scatter_zi.o(!!handler_zi)
    _printf_d                                0x080001a5   Thumb Code     0  _printf_d.o(.ARM.Collect$$_printf_percent$$00000009)
    _printf_percent                          0x080001a5   Thumb Code     0  _printf_percent.o(.ARM.Collect$$_printf_percent$$00000000)
    _printf_x                                0x080001ab   Thumb Code     0  _printf_x.o(.ARM.Collect$$_printf_percent$$0000000C)
    _printf_percent_end                      0x080001b1   Thumb Code     0  _printf_percent_end.o(.ARM.Collect$$_printf_percent$$00000017)
    __rt_lib_init                            0x080001b5   Thumb Code     0  libinit.o(.ARM.Collect$$libinit$$00000000)
    __rt_lib_init_alloca_1                   0x080001b7   Thumb Code     0  libinit2.o(.ARM.Collect$$libinit$$0000002E)
    __rt_lib_init_argv_1                     0x080001b7   Thumb Code     0  libinit2.o(.ARM.Collect$$libinit$$0000002C)
    __rt_lib_init_atexit_1                   0x080001b7   Thumb Code     0  libinit2.o(.ARM.Collect$$libinit$$0000001B)
    __rt_lib_init_clock_1                    0x080001b7   Thumb Code     0  libinit2.o(.ARM.Collect$$libinit$$00000021)
    __rt_lib_init_cpp_1                      0x080001b7   Thumb Code     0  libinit2.o(.ARM.Collect$$libinit$$00000032)
    __rt_lib_init_exceptions_1               0x080001b7   Thumb Code     0  libinit2.o(.ARM.Collect$$libinit$$00000030)
    __rt_lib_init_fp_1                       0x080001b7   Thumb Code     0  libinit2.o(.ARM.Collect$$libinit$$00000002)
    __rt_lib_init_fp_trap_1                  0x080001b7   Thumb Code     0  libinit2.o(.ARM.Collect$$libinit$$0000001F)
    __rt_lib_init_getenv_1                   0x080001b7   Thumb Code     0  libinit2.o(.ARM.Collect$$libinit$$00000023)
    __rt_lib_init_heap_1                     0x080001b7   Thumb Code     0  libinit2.o(.ARM.Collect$$libinit$$0000000A)
    __rt_lib_init_lc_collate_1               0x080001b7   Thumb Code     0  libinit2.o(.ARM.Collect$$libinit$$00000011)
    __rt_lib_init_lc_ctype_1                 0x080001b7   Thumb Code     0  libinit2.o(.ARM.Collect$$libinit$$00000013)
    __rt_lib_init_lc_monetary_1              0x080001b7   Thumb Code     0  libinit2.o(.ARM.Collect$$libinit$$00000015)
    __rt_lib_init_lc_numeric_1               0x080001b7   Thumb Code     0  libinit2.o(.ARM.Collect$$libinit$$00000017)
    __rt_lib_init_lc_time_1                  0x080001b7   Thumb Code     0  libinit2.o(.ARM.Collect$$libinit$$00000019)
    __rt_lib_init_preinit_1                  0x080001b7   Thumb Code     0  libinit2.o(.ARM.Collect$$libinit$$00000004)
    __rt_lib_init_rand_1                     0x080001b7   Thumb Code     0  libinit2.o(.ARM.Collect$$libinit$$0000000E)
    __rt_lib_init_return                     0x080001b7   Thumb Code     0  libinit2.o(.ARM.Collect$$libinit$$00000033)
    __rt_lib_init_signal_1                   0x080001b7   Thumb Code     0  libinit2.o(.ARM.Collect$$libinit$$0000001D)
    __rt_lib_init_stdio_1                    0x080001b7   Thumb Code     0  libinit2.o(.ARM.Collect$$libinit$$00000025)
    __rt_lib_init_user_alloc_1               0x080001b7   Thumb Code     0  libinit2.o(.ARM.Collect$$libinit$$0000000C)
    __rt_lib_shutdown                        0x080001b9   Thumb Code     0  libshutdown.o(.ARM.Collect$$libshutdown$$00000000)
    __rt_lib_shutdown_cpp_1                  0x080001bb   Thumb Code     0  libshutdown2.o(.ARM.Collect$$libshutdown$$00000004)
    __rt_lib_shutdown_fini_1                 0x080001bb   Thumb Code     0  libshutdown2.o(.ARM.Collect$$libshutdown$$00000002)
    __rt_lib_shutdown_fp_trap_1              0x080001bb   Thumb Code     0  libshutdown2.o(.ARM.Collect$$libshutdown$$00000009)
    __rt_lib_shutdown_heap_1                 0x080001bb   Thumb Code     0  libshutdown2.o(.ARM.Collect$$libshutdown$$00000011)
    __rt_lib_shutdown_return                 0x080001bb   Thumb Code     0  libshutdown2.o(.ARM.Collect$$libshutdown$$00000012)
    __rt_lib_shutdown_signal_1               0x080001bb   Thumb Code     0  libshutdown2.o(.ARM.Collect$$libshutdown$$0000000C)
    __rt_lib_shutdown_stdio_1                0x080001bb   Thumb Code     0  libshutdown2.o(.ARM.Collect$$libshutdown$$00000006)
    __rt_lib_shutdown_user_alloc_1           0x080001bb   Thumb Code     0  libshutdown2.o(.ARM.Collect$$libshutdown$$0000000E)
    __rt_entry                               0x080001bd   Thumb Code     0  __rtentry.o(.ARM.Collect$$rtentry$$00000000)
    __rt_entry_presh_1                       0x080001bd   Thumb Code     0  __rtentry2.o(.ARM.Collect$$rtentry$$00000002)
    __rt_entry_sh                            0x080001bd   Thumb Code     0  __rtentry4.o(.ARM.Collect$$rtentry$$00000004)
    __rt_entry_li                            0x080001c3   Thumb Code     0  __rtentry2.o(.ARM.Collect$$rtentry$$0000000A)
    __rt_entry_postsh_1                      0x080001c3   Thumb Code     0  __rtentry2.o(.ARM.Collect$$rtentry$$00000009)
    __rt_entry_main                          0x080001c7   Thumb Code     0  __rtentry2.o(.ARM.Collect$$rtentry$$0000000D)
    __rt_entry_postli_1                      0x080001c7   Thumb Code     0  __rtentry2.o(.ARM.Collect$$rtentry$$0000000C)
    __rt_exit                                0x080001cf   Thumb Code     0  rtexit.o(.ARM.Collect$$rtexit$$00000000)
    __rt_exit_ls                             0x080001d1   Thumb Code     0  rtexit2.o(.ARM.Collect$$rtexit$$00000003)
    __rt_exit_prels_1                        0x080001d1   Thumb Code     0  rtexit2.o(.ARM.Collect$$rtexit$$00000002)
    __rt_exit_exit                           0x080001d5   Thumb Code     0  rtexit2.o(.ARM.Collect$$rtexit$$00000004)
    main                                     0x080001dd   Thumb Code   280  main.o(.text)
    NMI_Handler                              0x08000309   Thumb Code     2  stm32f10x_it.o(.text)
    HardFault_Handler                        0x0800030b   Thumb Code     4  stm32f10x_it.o(.text)
    MemManage_Handler                        0x0800030f   Thumb Code     4  stm32f10x_it.o(.text)
    BusFault_Handler                         0x08000313   Thumb Code     4  stm32f10x_it.o(.text)
    UsageFault_Handler                       0x08000317   Thumb Code     4  stm32f10x_it.o(.text)
    SVC_Handler                              0x0800031b   Thumb Code     2  stm32f10x_it.o(.text)
    DebugMon_Handler                         0x0800031d   Thumb Code     2  stm32f10x_it.o(.text)
    PendSV_Handler                           0x0800031f   Thumb Code     2  stm32f10x_it.o(.text)
    SysTick_Handler                          0x08000321   Thumb Code     2  stm32f10x_it.o(.text)
    SystemInit                               0x08000403   Thumb Code    78  system_stm32f10x.o(.text)
    SystemCoreClockUpdate                    0x08000451   Thumb Code   142  system_stm32f10x.o(.text)
    LED_Init                                 0x08000505   Thumb Code    62  led.o(.text)
    KEY_Init                                 0x0800054d   Thumb Code    52  key.o(.text)
    KEY_Scan                                 0x08000581   Thumb Code   150  key.o(.text)
    OLED_WR_Byte                             0x08000625   Thumb Code    48  oled.o(.text)
    OLED_Refresh_Gram                        0x08000655   Thumb Code    70  oled.o(.text)
    OLED_Display_On                          0x0800069b   Thumb Code    28  oled.o(.text)
    OLED_Display_Off                         0x080006b7   Thumb Code    28  oled.o(.text)
    OLED_Clear                               0x080006d3   Thumb Code    42  oled.o(.text)
    OLED_DrawPoint                           0x080006fd   Thumb Code   100  oled.o(.text)
    OLED_Fill                                0x08000761   Thumb Code    58  oled.o(.text)
    OLED_ShowChar                            0x0800079b   Thumb Code   254  oled.o(.text)
    mypow                                    0x08000899   Thumb Code    22  oled.o(.text)
    OLED_ShowNum                             0x080008af   Thumb Code   148  oled.o(.text)
    OLED_ShowString                          0x08000943   Thumb Code    94  oled.o(.text)
    OLED_ShowGBK                             0x080009a1   Thumb Code   244  oled.o(.text)
    OLED_Init                                0x08000a95   Thumb Code   332  oled.o(.text)
    OLED_ShowTime                            0x08000be1   Thumb Code   558  oled.o(.text)
    OLED_SetPos                              0x08000e0f   Thumb Code    46  oled.o(.text)
    OLED_DrawBMP                             0x08000e3d   Thumb Code   204  oled.o(.text)
    OLED_ShowSurface                         0x08000f09   Thumb Code   562  oled.o(.text)
    TPAD_Reset                               0x08001169   Thumb Code    82  tpad.o(.text)
    TPAD_Get_Val                             0x080011bb   Thumb Code    50  tpad.o(.text)
    TIM5_CH2_Cap_Init                        0x080011ed   Thumb Code   126  tpad.o(.text)
    TPAD_Init                                0x0800126b   Thumb Code   160  tpad.o(.text)
    TPAD_Get_MaxVal                          0x0800130b   Thumb Code    36  tpad.o(.text)
    TPAD_Scan                                0x0800132f   Thumb Code    74  tpad.o(.text)
    TIM_DeInit                               0x080013a1   Thumb Code   424  stm32f10x_tim.o(.text)
    TIM_TimeBaseInit                         0x08001549   Thumb Code   122  stm32f10x_tim.o(.text)
    TIM_OC1Init                              0x080015c3   Thumb Code   132  stm32f10x_tim.o(.text)
    TIM_OC2Init                              0x08001647   Thumb Code   154  stm32f10x_tim.o(.text)
    TIM_OC3Init                              0x080016e1   Thumb Code   150  stm32f10x_tim.o(.text)
    TIM_OC4Init                              0x08001777   Thumb Code   182  stm32f10x_tim.o(.text)
    TIM_SetIC4Prescaler                      0x0800182d   Thumb Code    26  stm32f10x_tim.o(.text)
    TIM_SetIC3Prescaler                      0x080018c9   Thumb Code    18  stm32f10x_tim.o(.text)
    TIM_SetIC2Prescaler                      0x08001955   Thumb Code    26  stm32f10x_tim.o(.text)
    TIM_SetIC1Prescaler                      0x080019f1   Thumb Code    18  stm32f10x_tim.o(.text)
    TIM_ICInit                               0x08001a6f   Thumb Code   150  stm32f10x_tim.o(.text)
    TIM_PWMIConfig                           0x08001b05   Thumb Code   124  stm32f10x_tim.o(.text)
    TIM_BDTRConfig                           0x08001b81   Thumb Code    32  stm32f10x_tim.o(.text)
    TIM_TimeBaseStructInit                   0x08001ba1   Thumb Code    18  stm32f10x_tim.o(.text)
    TIM_OCStructInit                         0x08001bb3   Thumb Code    20  stm32f10x_tim.o(.text)
    TIM_ICStructInit                         0x08001bc7   Thumb Code    18  stm32f10x_tim.o(.text)
    TIM_BDTRStructInit                       0x08001bd9   Thumb Code    40  stm32f10x_tim.o(.text)
    TIM_Cmd                                  0x08001c01   Thumb Code    24  stm32f10x_tim.o(.text)
    TIM_CtrlPWMOutputs                       0x08001c19   Thumb Code    30  stm32f10x_tim.o(.text)
    TIM_ITConfig                             0x08001c37   Thumb Code    18  stm32f10x_tim.o(.text)
    TIM_GenerateEvent                        0x08001c49   Thumb Code     4  stm32f10x_tim.o(.text)
    TIM_DMAConfig                            0x08001c4d   Thumb Code    10  stm32f10x_tim.o(.text)
    TIM_DMACmd                               0x08001c57   Thumb Code    18  stm32f10x_tim.o(.text)
    TIM_InternalClockConfig                  0x08001c69   Thumb Code    12  stm32f10x_tim.o(.text)
    TIM_SelectInputTrigger                   0x08001c75   Thumb Code    18  stm32f10x_tim.o(.text)
    TIM_ITRxExternalClockConfig              0x08001c87   Thumb Code    24  stm32f10x_tim.o(.text)
    TIM_TIxExternalClockConfig               0x08001c9f   Thumb Code    62  stm32f10x_tim.o(.text)
    TIM_ETRConfig                            0x08001cdd   Thumb Code    28  stm32f10x_tim.o(.text)
    TIM_ETRClockMode1Config                  0x08001cf9   Thumb Code    54  stm32f10x_tim.o(.text)
    TIM_ETRClockMode2Config                  0x08001d2f   Thumb Code    32  stm32f10x_tim.o(.text)
    TIM_PrescalerConfig                      0x08001d4f   Thumb Code     6  stm32f10x_tim.o(.text)
    TIM_CounterModeConfig                    0x08001d55   Thumb Code    18  stm32f10x_tim.o(.text)
    TIM_EncoderInterfaceConfig               0x08001d67   Thumb Code    66  stm32f10x_tim.o(.text)
    TIM_ForcedOC1Config                      0x08001da9   Thumb Code    18  stm32f10x_tim.o(.text)
    TIM_ForcedOC2Config                      0x08001dbb   Thumb Code    26  stm32f10x_tim.o(.text)
    TIM_ForcedOC3Config                      0x08001dd5   Thumb Code    18  stm32f10x_tim.o(.text)
    TIM_ForcedOC4Config                      0x08001de7   Thumb Code    26  stm32f10x_tim.o(.text)
    TIM_ARRPreloadConfig                     0x08001e01   Thumb Code    24  stm32f10x_tim.o(.text)
    TIM_SelectCOM                            0x08001e19   Thumb Code    24  stm32f10x_tim.o(.text)
    TIM_SelectCCDMA                          0x08001e31   Thumb Code    24  stm32f10x_tim.o(.text)
    TIM_CCPreloadControl                     0x08001e49   Thumb Code    24  stm32f10x_tim.o(.text)
    TIM_OC1PreloadConfig                     0x08001e61   Thumb Code    18  stm32f10x_tim.o(.text)
    TIM_OC2PreloadConfig                     0x08001e73   Thumb Code    26  stm32f10x_tim.o(.text)
    TIM_OC3PreloadConfig                     0x08001e8d   Thumb Code    18  stm32f10x_tim.o(.text)
    TIM_OC4PreloadConfig                     0x08001e9f   Thumb Code    26  stm32f10x_tim.o(.text)
    TIM_OC1FastConfig                        0x08001eb9   Thumb Code    18  stm32f10x_tim.o(.text)
    TIM_OC2FastConfig                        0x08001ecb   Thumb Code    26  stm32f10x_tim.o(.text)
    TIM_OC3FastConfig                        0x08001ee5   Thumb Code    18  stm32f10x_tim.o(.text)
    TIM_OC4FastConfig                        0x08001ef7   Thumb Code    26  stm32f10x_tim.o(.text)
    TIM_ClearOC1Ref                          0x08001f11   Thumb Code    18  stm32f10x_tim.o(.text)
    TIM_ClearOC2Ref                          0x08001f23   Thumb Code    24  stm32f10x_tim.o(.text)
    TIM_ClearOC3Ref                          0x08001f3b   Thumb Code    18  stm32f10x_tim.o(.text)
    TIM_ClearOC4Ref                          0x08001f4d   Thumb Code    24  stm32f10x_tim.o(.text)
    TIM_OC1PolarityConfig                    0x08001f65   Thumb Code    18  stm32f10x_tim.o(.text)
    TIM_OC1NPolarityConfig                   0x08001f77   Thumb Code    18  stm32f10x_tim.o(.text)
    TIM_OC2PolarityConfig                    0x08001f89   Thumb Code    26  stm32f10x_tim.o(.text)
    TIM_OC2NPolarityConfig                   0x08001fa3   Thumb Code    26  stm32f10x_tim.o(.text)
    TIM_OC3PolarityConfig                    0x08001fbd   Thumb Code    26  stm32f10x_tim.o(.text)
    TIM_OC3NPolarityConfig                   0x08001fd7   Thumb Code    26  stm32f10x_tim.o(.text)
    TIM_OC4PolarityConfig                    0x08001ff1   Thumb Code    26  stm32f10x_tim.o(.text)
    TIM_CCxCmd                               0x0800200b   Thumb Code    30  stm32f10x_tim.o(.text)
    TIM_CCxNCmd                              0x08002029   Thumb Code    30  stm32f10x_tim.o(.text)
    TIM_SelectOCxM                           0x08002047   Thumb Code    82  stm32f10x_tim.o(.text)
    TIM_UpdateDisableConfig                  0x08002099   Thumb Code    24  stm32f10x_tim.o(.text)
    TIM_UpdateRequestConfig                  0x080020b1   Thumb Code    24  stm32f10x_tim.o(.text)
    TIM_SelectHallSensor                     0x080020c9   Thumb Code    24  stm32f10x_tim.o(.text)
    TIM_SelectOnePulseMode                   0x080020e1   Thumb Code    18  stm32f10x_tim.o(.text)
    TIM_SelectOutputTrigger                  0x080020f3   Thumb Code    18  stm32f10x_tim.o(.text)
    TIM_SelectSlaveMode                      0x08002105   Thumb Code    18  stm32f10x_tim.o(.text)
    TIM_SelectMasterSlaveMode                0x08002117   Thumb Code    18  stm32f10x_tim.o(.text)
    TIM_SetCounter                           0x08002129   Thumb Code     4  stm32f10x_tim.o(.text)
    TIM_SetAutoreload                        0x0800212d   Thumb Code     4  stm32f10x_tim.o(.text)
    TIM_SetCompare1                          0x08002131   Thumb Code     4  stm32f10x_tim.o(.text)
    TIM_SetCompare2                          0x08002135   Thumb Code     4  stm32f10x_tim.o(.text)
    TIM_SetCompare3                          0x08002139   Thumb Code     4  stm32f10x_tim.o(.text)
    TIM_SetCompare4                          0x0800213d   Thumb Code     6  stm32f10x_tim.o(.text)
    TIM_SetClockDivision                     0x08002143   Thumb Code    18  stm32f10x_tim.o(.text)
    TIM_GetCapture1                          0x08002155   Thumb Code     6  stm32f10x_tim.o(.text)
    TIM_GetCapture2                          0x0800215b   Thumb Code     6  stm32f10x_tim.o(.text)
    TIM_GetCapture3                          0x08002161   Thumb Code     6  stm32f10x_tim.o(.text)
    TIM_GetCapture4                          0x08002167   Thumb Code     8  stm32f10x_tim.o(.text)
    TIM_GetCounter                           0x0800216f   Thumb Code     6  stm32f10x_tim.o(.text)
    TIM_GetPrescaler                         0x08002175   Thumb Code     6  stm32f10x_tim.o(.text)
    TIM_GetFlagStatus                        0x0800217b   Thumb Code    18  stm32f10x_tim.o(.text)
    TIM_ClearFlag                            0x0800218d   Thumb Code     6  stm32f10x_tim.o(.text)
    TIM_GetITStatus                          0x08002193   Thumb Code    34  stm32f10x_tim.o(.text)
    TIM_ClearITPendingBit                    0x080021b5   Thumb Code     6  stm32f10x_tim.o(.text)
    RTC_Get_Week                             0x080021dd   Thumb Code   116  rtc.o(.text)
    Is_Leap_Year                             0x08002251   Thumb Code    58  rtc.o(.text)
    RTC_Get                                  0x0800228b   Thumb Code   240  rtc.o(.text)
    RTC_Set                                  0x0800237b   Thumb Code   184  rtc.o(.text)
    RTC_Init                                 0x08002433   Thumb Code   192  rtc.o(.text)
    RTC_IRQHandler                           0x080024f3   Thumb Code    76  rtc.o(.text)
    RTC_Alarm_Set                            0x0800253f   Thumb Code   184  rtc.o(.text)
    paj7620u2_selectBank                     0x08002635   Thumb Code    36  paj7620u2.o(.text)
    paj7620u2_wakeup                         0x08002659   Thumb Code    50  paj7620u2.o(.text)
    paj7620u2_init                           0x0800268b   Thumb Code    64  paj7620u2.o(.text)
    paj7620u2_test_ui                        0x080026cb   Thumb Code    70  paj7620u2.o(.text)
    Gesture_test                             0x08002711   Thumb Code   600  paj7620u2.o(.text)
    Ps_test                                  0x08002969   Thumb Code   724  paj7620u2.o(.text)
    paj7620u2_sensor_test                    0x08002c3d   Thumb Code    62  paj7620u2.o(.text)
    gesture_Init                             0x08002c7b   Thumb Code    46  paj7620u2.o(.text)
    GS_Write_Byte                            0x08002ee1   Thumb Code    58  paj7620u2_iic.o(.text)
    GS_Read_Byte                             0x08002f1b   Thumb Code    68  paj7620u2_iic.o(.text)
    GS_Read_nByte                            0x08002f5f   Thumb Code    98  paj7620u2_iic.o(.text)
    GS_WakeUp                                0x08002fc1   Thumb Code    18  paj7620u2_iic.o(.text)
    GS_i2c_init                              0x08002fd3   Thumb Code    52  paj7620u2_iic.o(.text)
    LCD_WR_REG                               0x08003019   Thumb Code     6  ili93xx.o(.text)
    LCD_WR_DATA                              0x0800301f   Thumb Code     8  ili93xx.o(.text)
    LCD_RD_DATA                              0x08003027   Thumb Code    16  ili93xx.o(.text)
    LCD_WriteReg                             0x08003037   Thumb Code    10  ili93xx.o(.text)
    LCD_ReadReg                              0x08003041   Thumb Code    22  ili93xx.o(.text)
    LCD_WriteRAM_Prepare                     0x08003057   Thumb Code    10  ili93xx.o(.text)
    LCD_WriteRAM                             0x08003061   Thumb Code     8  ili93xx.o(.text)
    LCD_BGR2RGB                              0x08003069   Thumb Code    26  ili93xx.o(.text)
    opt_delay                                0x08003083   Thumb Code    14  ili93xx.o(.text)
    LCD_SetCursor                            0x08003091   Thumb Code   418  ili93xx.o(.text)
    LCD_ReadPoint                            0x08003233   Thumb Code   360  ili93xx.o(.text)
    LCD_DisplayOn                            0x0800339b   Thumb Code   102  ili93xx.o(.text)
    LCD_DisplayOff                           0x08003401   Thumb Code    90  ili93xx.o(.text)
    LCD_Scan_Dir                             0x0800345b   Thumb Code   744  ili93xx.o(.text)
    LCD_DrawPoint                            0x08003743   Thumb Code    28  ili93xx.o(.text)
    LCD_Fast_DrawPoint                       0x0800375f   Thumb Code   384  ili93xx.o(.text)
    LCD_SSD_BackLightSet                     0x080038df   Thumb Code    80  ili93xx.o(.text)
    LCD_Display_Dir                          0x0800392f   Thumb Code   444  ili93xx.o(.text)
    LCD_Set_Window                           0x08003aeb   Thumb Code   540  ili93xx.o(.text)
    LCD_Clear                                0x08003d07   Thumb Code   100  ili93xx.o(.text)
    LCD_Init                                 0x08003d6b   Thumb Code 14292  ili93xx.o(.text)
    LCD_Fill                                 0x0800753f   Thumb Code   178  ili93xx.o(.text)
    LCD_Color_Fill                           0x080075f1   Thumb Code   106  ili93xx.o(.text)
    LCD_DrawLine                             0x0800765b   Thumb Code   176  ili93xx.o(.text)
    LCD_DrawRectangle                        0x0800770b   Thumb Code    60  ili93xx.o(.text)
    LCD_Draw_Circle                          0x08007747   Thumb Code   152  ili93xx.o(.text)
    LCD_ShowChar                             0x080077df   Thumb Code   272  ili93xx.o(.text)
    LCD_Pow                                  0x080078ef   Thumb Code    22  ili93xx.o(.text)
    LCD_ShowNum                              0x08007905   Thumb Code   148  ili93xx.o(.text)
    LCD_ShowxNum                             0x08007999   Thumb Code   220  ili93xx.o(.text)
    LCD_ShowString                           0x08007a75   Thumb Code   102  ili93xx.o(.text)
    delay_init                               0x08007add   Thumb Code    50  delay.o(.text)
    delay_us                                 0x08007b0f   Thumb Code    72  delay.o(.text)
    delay_ms                                 0x08007b57   Thumb Code    72  delay.o(.text)
    MY_NVIC_SetVectorTable                   0x08007bb1   Thumb Code    12  sys.o(.text)
    MY_NVIC_PriorityGroupConfig              0x08007bbd   Thumb Code    36  sys.o(.text)
    MY_NVIC_Init                             0x08007be1   Thumb Code   116  sys.o(.text)
    Ex_NVIC_Config                           0x08007c55   Thumb Code   146  sys.o(.text)
    MYRCC_DeInit                             0x08007ce7   Thumb Code    90  sys.o(.text)
    WFI_SET                                  0x08007d41   Thumb Code     4  sys.o(.text)
    INTX_DISABLE                             0x08007d45   Thumb Code     4  sys.o(.text)
    INTX_ENABLE                              0x08007d49   Thumb Code     4  sys.o(.text)
    Sys_Standby                              0x08007d4d   Thumb Code    68  sys.o(.text)
    Sys_Soft_Reset                           0x08007d91   Thumb Code    12  sys.o(.text)
    JTAG_Set                                 0x08007d9d   Thumb Code    42  sys.o(.text)
    Stm32_Clock_Init                         0x08007dc7   Thumb Code   134  sys.o(.text)
    _sys_exit                                0x08007e79   Thumb Code     6  usart.o(.text)
    fputc                                    0x08007e7f   Thumb Code    24  usart.o(.text)
    uart_init                                0x08007e97   Thumb Code   152  usart.o(.text)
    USART1_IRQHandler                        0x08007f2f   Thumb Code   122  usart.o(.text)
    Reset_Handler                            0x08007fb9   Thumb Code     8  startup_stm32f10x_hd.o(.text)
    ADC1_2_IRQHandler                        0x08007fd3   Thumb Code     0  startup_stm32f10x_hd.o(.text)
    ADC3_IRQHandler                          0x08007fd3   Thumb Code     0  startup_stm32f10x_hd.o(.text)
    CAN1_RX1_IRQHandler                      0x08007fd3   Thumb Code     0  startup_stm32f10x_hd.o(.text)
    CAN1_SCE_IRQHandler                      0x08007fd3   Thumb Code     0  startup_stm32f10x_hd.o(.text)
    DMA1_Channel1_IRQHandler                 0x08007fd3   Thumb Code     0  startup_stm32f10x_hd.o(.text)
    DMA1_Channel2_IRQHandler                 0x08007fd3   Thumb Code     0  startup_stm32f10x_hd.o(.text)
    DMA1_Channel3_IRQHandler                 0x08007fd3   Thumb Code     0  startup_stm32f10x_hd.o(.text)
    DMA1_Channel4_IRQHandler                 0x08007fd3   Thumb Code     0  startup_stm32f10x_hd.o(.text)
    DMA1_Channel5_IRQHandler                 0x08007fd3   Thumb Code     0  startup_stm32f10x_hd.o(.text)
    DMA1_Channel6_IRQHandler                 0x08007fd3   Thumb Code     0  startup_stm32f10x_hd.o(.text)
    DMA1_Channel7_IRQHandler                 0x08007fd3   Thumb Code     0  startup_stm32f10x_hd.o(.text)
    DMA2_Channel1_IRQHandler                 0x08007fd3   Thumb Code     0  startup_stm32f10x_hd.o(.text)
    DMA2_Channel2_IRQHandler                 0x08007fd3   Thumb Code     0  startup_stm32f10x_hd.o(.text)
    DMA2_Channel3_IRQHandler                 0x08007fd3   Thumb Code     0  startup_stm32f10x_hd.o(.text)
    DMA2_Channel4_5_IRQHandler               0x08007fd3   Thumb Code     0  startup_stm32f10x_hd.o(.text)
    EXTI0_IRQHandler                         0x08007fd3   Thumb Code     0  startup_stm32f10x_hd.o(.text)
    EXTI15_10_IRQHandler                     0x08007fd3   Thumb Code     0  startup_stm32f10x_hd.o(.text)
    EXTI1_IRQHandler                         0x08007fd3   Thumb Code     0  startup_stm32f10x_hd.o(.text)
    EXTI2_IRQHandler                         0x08007fd3   Thumb Code     0  startup_stm32f10x_hd.o(.text)
    EXTI3_IRQHandler                         0x08007fd3   Thumb Code     0  startup_stm32f10x_hd.o(.text)
    EXTI4_IRQHandler                         0x08007fd3   Thumb Code     0  startup_stm32f10x_hd.o(.text)
    EXTI9_5_IRQHandler                       0x08007fd3   Thumb Code     0  startup_stm32f10x_hd.o(.text)
    FLASH_IRQHandler                         0x08007fd3   Thumb Code     0  startup_stm32f10x_hd.o(.text)
    FSMC_IRQHandler                          0x08007fd3   Thumb Code     0  startup_stm32f10x_hd.o(.text)
    I2C1_ER_IRQHandler                       0x08007fd3   Thumb Code     0  startup_stm32f10x_hd.o(.text)
    I2C1_EV_IRQHandler                       0x08007fd3   Thumb Code     0  startup_stm32f10x_hd.o(.text)
    I2C2_ER_IRQHandler                       0x08007fd3   Thumb Code     0  startup_stm32f10x_hd.o(.text)
    I2C2_EV_IRQHandler                       0x08007fd3   Thumb Code     0  startup_stm32f10x_hd.o(.text)
    PVD_IRQHandler                           0x08007fd3   Thumb Code     0  startup_stm32f10x_hd.o(.text)
    RCC_IRQHandler                           0x08007fd3   Thumb Code     0  startup_stm32f10x_hd.o(.text)
    RTCAlarm_IRQHandler                      0x08007fd3   Thumb Code     0  startup_stm32f10x_hd.o(.text)
    SDIO_IRQHandler                          0x08007fd3   Thumb Code     0  startup_stm32f10x_hd.o(.text)
    SPI1_IRQHandler                          0x08007fd3   Thumb Code     0  startup_stm32f10x_hd.o(.text)
    SPI2_IRQHandler                          0x08007fd3   Thumb Code     0  startup_stm32f10x_hd.o(.text)
    SPI3_IRQHandler                          0x08007fd3   Thumb Code     0  startup_stm32f10x_hd.o(.text)
    TAMPER_IRQHandler                        0x08007fd3   Thumb Code     0  startup_stm32f10x_hd.o(.text)
    TIM1_BRK_IRQHandler                      0x08007fd3   Thumb Code     0  startup_stm32f10x_hd.o(.text)
    TIM1_CC_IRQHandler                       0x08007fd3   Thumb Code     0  startup_stm32f10x_hd.o(.text)
    TIM1_TRG_COM_IRQHandler                  0x08007fd3   Thumb Code     0  startup_stm32f10x_hd.o(.text)
    TIM1_UP_IRQHandler                       0x08007fd3   Thumb Code     0  startup_stm32f10x_hd.o(.text)
    TIM2_IRQHandler                          0x08007fd3   Thumb Code     0  startup_stm32f10x_hd.o(.text)
    TIM3_IRQHandler                          0x08007fd3   Thumb Code     0  startup_stm32f10x_hd.o(.text)
    TIM4_IRQHandler                          0x08007fd3   Thumb Code     0  startup_stm32f10x_hd.o(.text)
    TIM5_IRQHandler                          0x08007fd3   Thumb Code     0  startup_stm32f10x_hd.o(.text)
    TIM6_IRQHandler                          0x08007fd3   Thumb Code     0  startup_stm32f10x_hd.o(.text)
    TIM7_IRQHandler                          0x08007fd3   Thumb Code     0  startup_stm32f10x_hd.o(.text)
    TIM8_BRK_IRQHandler                      0x08007fd3   Thumb Code     0  startup_stm32f10x_hd.o(.text)
    TIM8_CC_IRQHandler                       0x08007fd3   Thumb Code     0  startup_stm32f10x_hd.o(.text)
    TIM8_TRG_COM_IRQHandler                  0x08007fd3   Thumb Code     0  startup_stm32f10x_hd.o(.text)
    TIM8_UP_IRQHandler                       0x08007fd3   Thumb Code     0  startup_stm32f10x_hd.o(.text)
    UART4_IRQHandler                         0x08007fd3   Thumb Code     0  startup_stm32f10x_hd.o(.text)
    UART5_IRQHandler                         0x08007fd3   Thumb Code     0  startup_stm32f10x_hd.o(.text)
    USART2_IRQHandler                        0x08007fd3   Thumb Code     0  startup_stm32f10x_hd.o(.text)
    USART3_IRQHandler                        0x08007fd3   Thumb Code     0  startup_stm32f10x_hd.o(.text)
    USBWakeUp_IRQHandler                     0x08007fd3   Thumb Code     0  startup_stm32f10x_hd.o(.text)
    USB_HP_CAN1_TX_IRQHandler                0x08007fd3   Thumb Code     0  startup_stm32f10x_hd.o(.text)
    USB_LP_CAN1_RX0_IRQHandler               0x08007fd3   Thumb Code     0  startup_stm32f10x_hd.o(.text)
    WWDG_IRQHandler                          0x08007fd3   Thumb Code     0  startup_stm32f10x_hd.o(.text)
    __user_initial_stackheap                 0x08007fd5   Thumb Code     0  startup_stm32f10x_hd.o(.text)
    NVIC_PriorityGroupConfig                 0x08007ff9   Thumb Code    10  misc.o(.text)
    NVIC_Init                                0x08008003   Thumb Code   100  misc.o(.text)
    NVIC_SetVectorTable                      0x08008067   Thumb Code    14  misc.o(.text)
    NVIC_SystemLPConfig                      0x08008075   Thumb Code    34  misc.o(.text)
    SysTick_CLKSourceConfig                  0x08008097   Thumb Code    40  misc.o(.text)
    GPIO_DeInit                              0x080080d5   Thumb Code   172  stm32f10x_gpio.o(.text)
    GPIO_AFIODeInit                          0x08008181   Thumb Code    20  stm32f10x_gpio.o(.text)
    GPIO_Init                                0x08008195   Thumb Code   278  stm32f10x_gpio.o(.text)
    GPIO_StructInit                          0x080082ab   Thumb Code    16  stm32f10x_gpio.o(.text)
    GPIO_ReadInputDataBit                    0x080082bb   Thumb Code    18  stm32f10x_gpio.o(.text)
    GPIO_ReadInputData                       0x080082cd   Thumb Code     8  stm32f10x_gpio.o(.text)
    GPIO_ReadOutputDataBit                   0x080082d5   Thumb Code    18  stm32f10x_gpio.o(.text)
    GPIO_ReadOutputData                      0x080082e7   Thumb Code     8  stm32f10x_gpio.o(.text)
    GPIO_SetBits                             0x080082ef   Thumb Code     4  stm32f10x_gpio.o(.text)
    GPIO_ResetBits                           0x080082f3   Thumb Code     4  stm32f10x_gpio.o(.text)
    GPIO_WriteBit                            0x080082f7   Thumb Code    10  stm32f10x_gpio.o(.text)
    GPIO_Write                               0x08008301   Thumb Code     4  stm32f10x_gpio.o(.text)
    GPIO_PinLockConfig                       0x08008305   Thumb Code    18  stm32f10x_gpio.o(.text)
    GPIO_EventOutputConfig                   0x08008317   Thumb Code    26  stm32f10x_gpio.o(.text)
    GPIO_EventOutputCmd                      0x08008331   Thumb Code     6  stm32f10x_gpio.o(.text)
    GPIO_PinRemapConfig                      0x08008337   Thumb Code   138  stm32f10x_gpio.o(.text)
    GPIO_EXTILineConfig                      0x080083c1   Thumb Code    66  stm32f10x_gpio.o(.text)
    GPIO_ETH_MediaInterfaceConfig            0x08008403   Thumb Code     8  stm32f10x_gpio.o(.text)
    RCC_DeInit                               0x08008431   Thumb Code    64  stm32f10x_rcc.o(.text)
    RCC_HSEConfig                            0x08008471   Thumb Code    70  stm32f10x_rcc.o(.text)
    RCC_GetFlagStatus                        0x080084b7   Thumb Code    56  stm32f10x_rcc.o(.text)
    RCC_WaitForHSEStartUp                    0x080084ef   Thumb Code    56  stm32f10x_rcc.o(.text)
    RCC_AdjustHSICalibrationValue            0x08008527   Thumb Code    20  stm32f10x_rcc.o(.text)
    RCC_HSICmd                               0x0800853b   Thumb Code     6  stm32f10x_rcc.o(.text)
    RCC_PLLConfig                            0x08008541   Thumb Code    24  stm32f10x_rcc.o(.text)
    RCC_PLLCmd                               0x08008559   Thumb Code     6  stm32f10x_rcc.o(.text)
    RCC_SYSCLKConfig                         0x0800855f   Thumb Code    18  stm32f10x_rcc.o(.text)
    RCC_GetSYSCLKSource                      0x08008571   Thumb Code    10  stm32f10x_rcc.o(.text)
    RCC_HCLKConfig                           0x0800857b   Thumb Code    18  stm32f10x_rcc.o(.text)
    RCC_PCLK1Config                          0x0800858d   Thumb Code    18  stm32f10x_rcc.o(.text)
    RCC_PCLK2Config                          0x0800859f   Thumb Code    20  stm32f10x_rcc.o(.text)
    RCC_ITConfig                             0x080085b3   Thumb Code    26  stm32f10x_rcc.o(.text)
    RCC_USBCLKConfig                         0x080085cd   Thumb Code     8  stm32f10x_rcc.o(.text)
    RCC_ADCCLKConfig                         0x080085d5   Thumb Code    18  stm32f10x_rcc.o(.text)
    RCC_LSEConfig                            0x080085e7   Thumb Code    50  stm32f10x_rcc.o(.text)
    RCC_LSICmd                               0x08008619   Thumb Code     6  stm32f10x_rcc.o(.text)
    RCC_RTCCLKConfig                         0x0800861f   Thumb Code    12  stm32f10x_rcc.o(.text)
    RCC_RTCCLKCmd                            0x0800862b   Thumb Code     8  stm32f10x_rcc.o(.text)
    RCC_GetClocksFreq                        0x08008633   Thumb Code   192  stm32f10x_rcc.o(.text)
    RCC_AHBPeriphClockCmd                    0x080086f3   Thumb Code    26  stm32f10x_rcc.o(.text)
    RCC_APB2PeriphClockCmd                   0x0800870d   Thumb Code    26  stm32f10x_rcc.o(.text)
    RCC_APB1PeriphClockCmd                   0x08008727   Thumb Code    26  stm32f10x_rcc.o(.text)
    RCC_APB2PeriphResetCmd                   0x08008741   Thumb Code    26  stm32f10x_rcc.o(.text)
    RCC_APB1PeriphResetCmd                   0x0800875b   Thumb Code    26  stm32f10x_rcc.o(.text)
    RCC_BackupResetCmd                       0x08008775   Thumb Code     8  stm32f10x_rcc.o(.text)
    RCC_ClockSecuritySystemCmd               0x0800877d   Thumb Code     6  stm32f10x_rcc.o(.text)
    RCC_MCOConfig                            0x08008783   Thumb Code     6  stm32f10x_rcc.o(.text)
    RCC_ClearFlag                            0x08008789   Thumb Code    14  stm32f10x_rcc.o(.text)
    RCC_GetITStatus                          0x08008797   Thumb Code    20  stm32f10x_rcc.o(.text)
    RCC_ClearITPendingBit                    0x080087ab   Thumb Code     6  stm32f10x_rcc.o(.text)
    USART_DeInit                             0x080087d5   Thumb Code   134  stm32f10x_usart.o(.text)
    USART_Init                               0x0800885b   Thumb Code   210  stm32f10x_usart.o(.text)
    USART_StructInit                         0x0800892d   Thumb Code    24  stm32f10x_usart.o(.text)
    USART_ClockInit                          0x08008945   Thumb Code    34  stm32f10x_usart.o(.text)
    USART_ClockStructInit                    0x08008967   Thumb Code    12  stm32f10x_usart.o(.text)
    USART_Cmd                                0x08008973   Thumb Code    24  stm32f10x_usart.o(.text)
    USART_ITConfig                           0x0800898b   Thumb Code    74  stm32f10x_usart.o(.text)
    USART_DMACmd                             0x080089d5   Thumb Code    18  stm32f10x_usart.o(.text)
    USART_SetAddress                         0x080089e7   Thumb Code    18  stm32f10x_usart.o(.text)
    USART_WakeUpConfig                       0x080089f9   Thumb Code    18  stm32f10x_usart.o(.text)
    USART_ReceiverWakeUpCmd                  0x08008a0b   Thumb Code    24  stm32f10x_usart.o(.text)
    USART_LINBreakDetectLengthConfig         0x08008a23   Thumb Code    18  stm32f10x_usart.o(.text)
    USART_LINCmd                             0x08008a35   Thumb Code    24  stm32f10x_usart.o(.text)
    USART_SendData                           0x08008a4d   Thumb Code     8  stm32f10x_usart.o(.text)
    USART_ReceiveData                        0x08008a55   Thumb Code    10  stm32f10x_usart.o(.text)
    USART_SendBreak                          0x08008a5f   Thumb Code    10  stm32f10x_usart.o(.text)
    USART_SetGuardTime                       0x08008a69   Thumb Code    16  stm32f10x_usart.o(.text)
    USART_SetPrescaler                       0x08008a79   Thumb Code    16  stm32f10x_usart.o(.text)
    USART_SmartCardCmd                       0x08008a89   Thumb Code    24  stm32f10x_usart.o(.text)
    USART_SmartCardNACKCmd                   0x08008aa1   Thumb Code    24  stm32f10x_usart.o(.text)
    USART_HalfDuplexCmd                      0x08008ab9   Thumb Code    24  stm32f10x_usart.o(.text)
    USART_OverSampling8Cmd                   0x08008ad1   Thumb Code    22  stm32f10x_usart.o(.text)
    USART_OneBitMethodCmd                    0x08008ae7   Thumb Code    24  stm32f10x_usart.o(.text)
    USART_IrDAConfig                         0x08008aff   Thumb Code    18  stm32f10x_usart.o(.text)
    USART_IrDACmd                            0x08008b11   Thumb Code    24  stm32f10x_usart.o(.text)
    USART_GetFlagStatus                      0x08008b29   Thumb Code    26  stm32f10x_usart.o(.text)
    USART_ClearFlag                          0x08008b43   Thumb Code    18  stm32f10x_usart.o(.text)
    USART_GetITStatus                        0x08008b55   Thumb Code    84  stm32f10x_usart.o(.text)
    USART_ClearITPendingBit                  0x08008ba9   Thumb Code    52  stm32f10x_usart.o(.text)
    BKP_DeInit                               0x08008bdd   Thumb Code    16  stm32f10x_bkp.o(.text)
    BKP_TamperPinLevelConfig                 0x08008bed   Thumb Code     6  stm32f10x_bkp.o(.text)
    BKP_TamperPinCmd                         0x08008bf3   Thumb Code     8  stm32f10x_bkp.o(.text)
    BKP_ITConfig                             0x08008bfb   Thumb Code     8  stm32f10x_bkp.o(.text)
    BKP_RTCOutputConfig                      0x08008c03   Thumb Code    22  stm32f10x_bkp.o(.text)
    BKP_SetRTCCalibrationValue               0x08008c19   Thumb Code    22  stm32f10x_bkp.o(.text)
    BKP_WriteBackupRegister                  0x08008c2f   Thumb Code    24  stm32f10x_bkp.o(.text)
    BKP_ReadBackupRegister                   0x08008c47   Thumb Code    26  stm32f10x_bkp.o(.text)
    BKP_GetFlagStatus                        0x08008c61   Thumb Code    10  stm32f10x_bkp.o(.text)
    BKP_ClearFlag                            0x08008c6b   Thumb Code    18  stm32f10x_bkp.o(.text)
    BKP_GetITStatus                          0x08008c7d   Thumb Code    10  stm32f10x_bkp.o(.text)
    BKP_ClearITPendingBit                    0x08008c87   Thumb Code    18  stm32f10x_bkp.o(.text)
    RTC_ITConfig                             0x08008ca1   Thumb Code    26  stm32f10x_rtc.o(.text)
    RTC_EnterConfigMode                      0x08008cbb   Thumb Code    18  stm32f10x_rtc.o(.text)
    RTC_ExitConfigMode                       0x08008ccd   Thumb Code    20  stm32f10x_rtc.o(.text)
    RTC_GetCounter                           0x08008ce1   Thumb Code    18  stm32f10x_rtc.o(.text)
    RTC_SetCounter                           0x08008cf3   Thumb Code    26  stm32f10x_rtc.o(.text)
    RTC_SetPrescaler                         0x08008d0d   Thumb Code    28  stm32f10x_rtc.o(.text)
    RTC_SetAlarm                             0x08008d29   Thumb Code    26  stm32f10x_rtc.o(.text)
    RTC_GetDivider                           0x08008d43   Thumb Code    22  stm32f10x_rtc.o(.text)
    RTC_WaitForLastTask                      0x08008d59   Thumb Code    18  stm32f10x_rtc.o(.text)
    RTC_WaitForSynchro                       0x08008d6b   Thumb Code    36  stm32f10x_rtc.o(.text)
    RTC_GetFlagStatus                        0x08008d8f   Thumb Code    22  stm32f10x_rtc.o(.text)
    RTC_ClearFlag                            0x08008da5   Thumb Code    16  stm32f10x_rtc.o(.text)
    RTC_GetITStatus                          0x08008db5   Thumb Code    32  stm32f10x_rtc.o(.text)
    RTC_ClearITPendingBit                    0x08008dd5   Thumb Code    16  stm32f10x_rtc.o(.text)
    PWR_DeInit                               0x08008de9   Thumb Code    22  stm32f10x_pwr.o(.text)
    PWR_BackupAccessCmd                      0x08008dff   Thumb Code     6  stm32f10x_pwr.o(.text)
    PWR_PVDCmd                               0x08008e05   Thumb Code     6  stm32f10x_pwr.o(.text)
    PWR_PVDLevelConfig                       0x08008e0b   Thumb Code    18  stm32f10x_pwr.o(.text)
    PWR_WakeUpPinCmd                         0x08008e1d   Thumb Code     8  stm32f10x_pwr.o(.text)
    PWR_EnterSTOPMode                        0x08008e25   Thumb Code    54  stm32f10x_pwr.o(.text)
    PWR_EnterSTANDBYMode                     0x08008e5b   Thumb Code    42  stm32f10x_pwr.o(.text)
    PWR_GetFlagStatus                        0x08008e85   Thumb Code    20  stm32f10x_pwr.o(.text)
    PWR_ClearFlag                            0x08008e99   Thumb Code    14  stm32f10x_pwr.o(.text)
    __use_no_semihosting                     0x08008eb5   Thumb Code     2  use_no_semi_2.o(.text)
    __2printf                                0x08008eb9   Thumb Code    20  noretval__2printf.o(.text)
    __printf                                 0x08008ed1   Thumb Code   104  __printf.o(.text)
    _printf_int_dec                          0x08008f39   Thumb Code   104  _printf_dec.o(.text)
    _printf_int_hex                          0x08008fb1   Thumb Code    84  _printf_hex_int.o(.text)
    _printf_longlong_hex                     0x08008fb1   Thumb Code     0  _printf_hex_int.o(.text)
    __use_two_region_memory                  0x08009009   Thumb Code     2  heapauxi.o(.text)
    __rt_heap_escrow$2region                 0x0800900b   Thumb Code     2  heapauxi.o(.text)
    __rt_heap_expand$2region                 0x0800900d   Thumb Code     2  heapauxi.o(.text)
    __I$use$semihosting                      0x0800900f   Thumb Code     0  use_no_semi.o(.text)
    __use_no_semihosting_swi                 0x0800900f   Thumb Code     2  use_no_semi.o(.text)
    _printf_int_common                       0x08009011   Thumb Code   178  _printf_intcommon.o(.text)
    _printf_char_file                        0x080090c5   Thumb Code    32  _printf_char_file.o(.text)
    _printf_char_common                      0x080090f3   Thumb Code    32  _printf_char_common.o(.text)
    ferror                                   0x08009119   Thumb Code     8  ferror.o(.text)
    __user_setup_stackheap                   0x08009121   Thumb Code    74  sys_stackheap_outer.o(.text)
    exit                                     0x0800916b   Thumb Code    18  exit.o(.text)
    __user_libspace                          0x0800917d   Thumb Code     8  libspace.o(.text)
    __user_perproc_libspace                  0x0800917d   Thumb Code     0  libspace.o(.text)
    __user_perthread_libspace                0x0800917d   Thumb Code     0  libspace.o(.text)
    __aeabi_d2uiz                            0x08009185   Thumb Code     0  dfixu.o(x$fpl$dfixu)
    _dfixu                                   0x08009185   Thumb Code    90  dfixu.o(x$fpl$dfixu)
    __aeabi_ui2d                             0x080091df   Thumb Code     0  dflt_clz.o(x$fpl$dfltu)
    _dfltu                                   0x080091df   Thumb Code    38  dflt_clz.o(x$fpl$dfltu)
    __aeabi_dmul                             0x08009205   Thumb Code     0  dmul.o(x$fpl$dmul)
    _dmul                                    0x08009205   Thumb Code   332  dmul.o(x$fpl$dmul)
    __fpl_dnaninf                            0x08009359   Thumb Code   156  dnaninf.o(x$fpl$dnaninf)
    __fpl_dretinf                            0x080093f5   Thumb Code    12  dretinf.o(x$fpl$dretinf)
    __I$use$fp                               0x08009400   Number         0  usenofp.o(x$fpl$usenofp)
    asc2_1206                                0x08009400   Data        1140  oled.o(.constdata)
    asc2_1608                                0x08009874   Data        1520  oled.o(.constdata)
    asc2_2412                                0x08009e64   Data        3420  oled.o(.constdata)
    asc12_chinese                            0x0800abc0   Data         480  oled.o(.constdata)
    asc16_chinese                            0x0800ada0   Data         640  oled.o(.constdata)
    bmp                                      0x0800b020   Data        1024  oled.o(.constdata)
    table_week                               0x0800b420   Data          12  rtc.o(.constdata)
    mon_table                                0x0800b42c   Data          12  rtc.o(.constdata)
    init_Array                               0x0800b438   Data         102  paj7620u2.o(.constdata)
    proximity_arry                           0x0800b49e   Data          70  paj7620u2.o(.constdata)
    gesture_arry                             0x0800b4e4   Data          60  paj7620u2.o(.constdata)
    Region$$Table$$Base                      0x0800cd08   Number         0  anon$$obj.o(Region$$Table)
    Region$$Table$$Limit                     0x0800cd28   Number         0  anon$$obj.o(Region$$Table)
    SystemCoreClock                          0x20000000   Data           4  system_stm32f10x.o(.data)
    AHBPrescTable                            0x20000004   Data          16  system_stm32f10x.o(.data)
    tpad_default_val                         0x20000016   Data           2  tpad.o(.data)
    POINT_COLOR                              0x2000001c   Data           2  ili93xx.o(.data)
    BACK_COLOR                               0x2000001e   Data           2  ili93xx.o(.data)
    __stdout                                 0x20000024   Data           4  usart.o(.data)
    USART_RX_STA                             0x20000028   Data           2  usart.o(.data)
    OLED_GRAM                                0x20000040   Data        1024  oled.o(.bss)
    calendar                                 0x20000440   Data          10  rtc.o(.bss)
    lcddev                                   0x2000044a   Data          14  ili93xx.o(.bss)
    USART_RX_BUF                             0x20000458   Data         200  usart.o(.bss)
    __libspace_start                         0x20000520   Data          96  libspace.o(.bss)
    __temporary_stack_top$libspace           0x20000580   Data           0  libspace.o(.bss)



==============================================================================

Memory Map of the image

  Image Entry point : 0x08000131

  Load Region LR_IROM1 (Base: 0x08000000, Size: 0x0000cd68, Max: 0x00080000, ABSOLUTE)

    Execution Region ER_IROM1 (Exec base: 0x08000000, Load base: 0x08000000, Size: 0x0000cd28, Max: 0x00080000, ABSOLUTE)

    Exec Addr    Load Addr    Size         Type   Attr      Idx    E Section Name        Object

    0x08000000   0x08000000   0x00000130   Data   RO          454    RESET               startup_stm32f10x_hd.o
    0x08000130   0x08000130   0x00000008   Code   RO          603  * !!!main             c_w.l(__main.o)
    0x08000138   0x08000138   0x00000034   Code   RO          790    !!!scatter          c_w.l(__scatter.o)
    0x0800016c   0x0800016c   0x0000001a   Code   RO          792    !!handler_copy      c_w.l(__scatter_copy.o)
    0x08000186   0x08000186   0x00000002   PAD
    0x08000188   0x08000188   0x0000001c   Code   RO          794    !!handler_zi        c_w.l(__scatter_zi.o)
    0x080001a4   0x080001a4   0x00000000   Code   RO          600    .ARM.Collect$$_printf_percent$$00000000  c_w.l(_printf_percent.o)
    0x080001a4   0x080001a4   0x00000006   Code   RO          599    .ARM.Collect$$_printf_percent$$00000009  c_w.l(_printf_d.o)
    0x080001aa   0x080001aa   0x00000006   Code   RO          598    .ARM.Collect$$_printf_percent$$0000000C  c_w.l(_printf_x.o)
    0x080001b0   0x080001b0   0x00000004   Code   RO          624    .ARM.Collect$$_printf_percent$$00000017  c_w.l(_printf_percent_end.o)
    0x080001b4   0x080001b4   0x00000002   Code   RO          662    .ARM.Collect$$libinit$$00000000  c_w.l(libinit.o)
    0x080001b6   0x080001b6   0x00000000   Code   RO          669    .ARM.Collect$$libinit$$00000002  c_w.l(libinit2.o)
    0x080001b6   0x080001b6   0x00000000   Code   RO          671    .ARM.Collect$$libinit$$00000004  c_w.l(libinit2.o)
    0x080001b6   0x080001b6   0x00000000   Code   RO          674    .ARM.Collect$$libinit$$0000000A  c_w.l(libinit2.o)
    0x080001b6   0x080001b6   0x00000000   Code   RO          676    .ARM.Collect$$libinit$$0000000C  c_w.l(libinit2.o)
    0x080001b6   0x080001b6   0x00000000   Code   RO          678    .ARM.Collect$$libinit$$0000000E  c_w.l(libinit2.o)
    0x080001b6   0x080001b6   0x00000000   Code   RO          681    .ARM.Collect$$libinit$$00000011  c_w.l(libinit2.o)
    0x080001b6   0x080001b6   0x00000000   Code   RO          683    .ARM.Collect$$libinit$$00000013  c_w.l(libinit2.o)
    0x080001b6   0x080001b6   0x00000000   Code   RO          685    .ARM.Collect$$libinit$$00000015  c_w.l(libinit2.o)
    0x080001b6   0x080001b6   0x00000000   Code   RO          687    .ARM.Collect$$libinit$$00000017  c_w.l(libinit2.o)
    0x080001b6   0x080001b6   0x00000000   Code   RO          689    .ARM.Collect$$libinit$$00000019  c_w.l(libinit2.o)
    0x080001b6   0x080001b6   0x00000000   Code   RO          691    .ARM.Collect$$libinit$$0000001B  c_w.l(libinit2.o)
    0x080001b6   0x080001b6   0x00000000   Code   RO          693    .ARM.Collect$$libinit$$0000001D  c_w.l(libinit2.o)
    0x080001b6   0x080001b6   0x00000000   Code   RO          695    .ARM.Collect$$libinit$$0000001F  c_w.l(libinit2.o)
    0x080001b6   0x080001b6   0x00000000   Code   RO          697    .ARM.Collect$$libinit$$00000021  c_w.l(libinit2.o)
    0x080001b6   0x080001b6   0x00000000   Code   RO          699    .ARM.Collect$$libinit$$00000023  c_w.l(libinit2.o)
    0x080001b6   0x080001b6   0x00000000   Code   RO          701    .ARM.Collect$$libinit$$00000025  c_w.l(libinit2.o)
    0x080001b6   0x080001b6   0x00000000   Code   RO          705    .ARM.Collect$$libinit$$0000002C  c_w.l(libinit2.o)
    0x080001b6   0x080001b6   0x00000000   Code   RO          707    .ARM.Collect$$libinit$$0000002E  c_w.l(libinit2.o)
    0x080001b6   0x080001b6   0x00000000   Code   RO          709    .ARM.Collect$$libinit$$00000030  c_w.l(libinit2.o)
    0x080001b6   0x080001b6   0x00000000   Code   RO          711    .ARM.Collect$$libinit$$00000032  c_w.l(libinit2.o)
    0x080001b6   0x080001b6   0x00000002   Code   RO          712    .ARM.Collect$$libinit$$00000033  c_w.l(libinit2.o)
    0x080001b8   0x080001b8   0x00000002   Code   RO          730    .ARM.Collect$$libshutdown$$00000000  c_w.l(libshutdown.o)
    0x080001ba   0x080001ba   0x00000000   Code   RO          740    .ARM.Collect$$libshutdown$$00000002  c_w.l(libshutdown2.o)
    0x080001ba   0x080001ba   0x00000000   Code   RO          742    .ARM.Collect$$libshutdown$$00000004  c_w.l(libshutdown2.o)
    0x080001ba   0x080001ba   0x00000000   Code   RO          744    .ARM.Collect$$libshutdown$$00000006  c_w.l(libshutdown2.o)
    0x080001ba   0x080001ba   0x00000000   Code   RO          747    .ARM.Collect$$libshutdown$$00000009  c_w.l(libshutdown2.o)
    0x080001ba   0x080001ba   0x00000000   Code   RO          750    .ARM.Collect$$libshutdown$$0000000C  c_w.l(libshutdown2.o)
    0x080001ba   0x080001ba   0x00000000   Code   RO          752    .ARM.Collect$$libshutdown$$0000000E  c_w.l(libshutdown2.o)
    0x080001ba   0x080001ba   0x00000000   Code   RO          755    .ARM.Collect$$libshutdown$$00000011  c_w.l(libshutdown2.o)
    0x080001ba   0x080001ba   0x00000002   Code   RO          756    .ARM.Collect$$libshutdown$$00000012  c_w.l(libshutdown2.o)
    0x080001bc   0x080001bc   0x00000000   Code   RO          619    .ARM.Collect$$rtentry$$00000000  c_w.l(__rtentry.o)
    0x080001bc   0x080001bc   0x00000000   Code   RO          631    .ARM.Collect$$rtentry$$00000002  c_w.l(__rtentry2.o)
    0x080001bc   0x080001bc   0x00000006   Code   RO          643    .ARM.Collect$$rtentry$$00000004  c_w.l(__rtentry4.o)
    0x080001c2   0x080001c2   0x00000000   Code   RO          633    .ARM.Collect$$rtentry$$00000009  c_w.l(__rtentry2.o)
    0x080001c2   0x080001c2   0x00000004   Code   RO          634    .ARM.Collect$$rtentry$$0000000A  c_w.l(__rtentry2.o)
    0x080001c6   0x080001c6   0x00000000   Code   RO          636    .ARM.Collect$$rtentry$$0000000C  c_w.l(__rtentry2.o)
    0x080001c6   0x080001c6   0x00000008   Code   RO          637    .ARM.Collect$$rtentry$$0000000D  c_w.l(__rtentry2.o)
    0x080001ce   0x080001ce   0x00000002   Code   RO          666    .ARM.Collect$$rtexit$$00000000  c_w.l(rtexit.o)
    0x080001d0   0x080001d0   0x00000000   Code   RO          714    .ARM.Collect$$rtexit$$00000002  c_w.l(rtexit2.o)
    0x080001d0   0x080001d0   0x00000004   Code   RO          715    .ARM.Collect$$rtexit$$00000003  c_w.l(rtexit2.o)
    0x080001d4   0x080001d4   0x00000006   Code   RO          716    .ARM.Collect$$rtexit$$00000004  c_w.l(rtexit2.o)
    0x080001da   0x080001da   0x00000002   PAD
    0x080001dc   0x080001dc   0x0000012c   Code   RO            1    .text               main.o
    0x08000308   0x08000308   0x0000001a   Code   RO          145    .text               stm32f10x_it.o
    0x08000322   0x08000322   0x00000002   PAD
    0x08000324   0x08000324   0x000001e0   Code   RO          186    .text               system_stm32f10x.o
    0x08000504   0x08000504   0x00000048   Code   RO          204    .text               led.o
    0x0800054c   0x0800054c   0x000000d8   Code   RO          216    .text               key.o
    0x08000624   0x08000624   0x00000b44   Code   RO          229    .text               oled.o
    0x08001168   0x08001168   0x00000238   Code   RO          265    .text               tpad.o
    0x080013a0   0x080013a0   0x00000e1a   Code   RO          287    .text               stm32f10x_tim.o
    0x080021ba   0x080021ba   0x00000002   PAD
    0x080021bc   0x080021bc   0x00000478   Code   RO          302    .text               rtc.o
    0x08002634   0x08002634   0x00000678   Code   RO          322    .text               paj7620u2.o
    0x08002cac   0x08002cac   0x0000036c   Code   RO          353    .text               paj7620u2_iic.o
    0x08003018   0x08003018   0x00004ac2   Code   RO          365    .text               ili93xx.o
    0x08007ada   0x08007ada   0x00000002   PAD
    0x08007adc   0x08007adc   0x000000d4   Code   RO          388    .text               delay.o
    0x08007bb0   0x08007bb0   0x000002c8   Code   RO          403    .text               sys.o
    0x08007e78   0x08007e78   0x00000140   Code   RO          419    .text               usart.o
    0x08007fb8   0x08007fb8   0x00000040   Code   RO          455    .text               startup_stm32f10x_hd.o
    0x08007ff8   0x08007ff8   0x000000dc   Code   RO          459    .text               misc.o
    0x080080d4   0x080080d4   0x0000035c   Code   RO          471    .text               stm32f10x_gpio.o
    0x08008430   0x08008430   0x000003a4   Code   RO          483    .text               stm32f10x_rcc.o
    0x080087d4   0x080087d4   0x00000408   Code   RO          497    .text               stm32f10x_usart.o
    0x08008bdc   0x08008bdc   0x000000c4   Code   RO          509    .text               stm32f10x_bkp.o
    0x08008ca0   0x08008ca0   0x00000148   Code   RO          521    .text               stm32f10x_rtc.o
    0x08008de8   0x08008de8   0x000000cc   Code   RO          533    .text               stm32f10x_pwr.o
    0x08008eb4   0x08008eb4   0x00000002   Code   RO          547    .text               c_w.l(use_no_semi_2.o)
    0x08008eb6   0x08008eb6   0x00000002   PAD
    0x08008eb8   0x08008eb8   0x00000018   Code   RO          551    .text               c_w.l(noretval__2printf.o)
    0x08008ed0   0x08008ed0   0x00000068   Code   RO          553    .text               c_w.l(__printf.o)
    0x08008f38   0x08008f38   0x00000078   Code   RO          555    .text               c_w.l(_printf_dec.o)
    0x08008fb0   0x08008fb0   0x00000058   Code   RO          560    .text               c_w.l(_printf_hex_int.o)
    0x08009008   0x08009008   0x00000006   Code   RO          601    .text               c_w.l(heapauxi.o)
    0x0800900e   0x0800900e   0x00000002   Code   RO          617    .text               c_w.l(use_no_semi.o)
    0x08009010   0x08009010   0x000000b2   Code   RO          620    .text               c_w.l(_printf_intcommon.o)
    0x080090c2   0x080090c2   0x00000002   PAD
    0x080090c4   0x080090c4   0x00000024   Code   RO          622    .text               c_w.l(_printf_char_file.o)
    0x080090e8   0x080090e8   0x00000030   Code   RO          645    .text               c_w.l(_printf_char_common.o)
    0x08009118   0x08009118   0x00000008   Code   RO          647    .text               c_w.l(ferror.o)
    0x08009120   0x08009120   0x0000004a   Code   RO          651    .text               c_w.l(sys_stackheap_outer.o)
    0x0800916a   0x0800916a   0x00000012   Code   RO          655    .text               c_w.l(exit.o)
    0x0800917c   0x0800917c   0x00000008   Code   RO          663    .text               c_w.l(libspace.o)
    0x08009184   0x08009184   0x0000005a   Code   RO          605    x$fpl$dfixu         fz_ws.l(dfixu.o)
    0x080091de   0x080091de   0x00000026   Code   RO          609    x$fpl$dfltu         fz_ws.l(dflt_clz.o)
    0x08009204   0x08009204   0x00000154   Code   RO          615    x$fpl$dmul          fz_ws.l(dmul.o)
    0x08009358   0x08009358   0x0000009c   Code   RO          625    x$fpl$dnaninf       fz_ws.l(dnaninf.o)
    0x080093f4   0x080093f4   0x0000000c   Code   RO          627    x$fpl$dretinf       fz_ws.l(dretinf.o)
    0x08009400   0x08009400   0x00000000   Code   RO          629    x$fpl$usenofp       fz_ws.l(usenofp.o)
    0x08009400   0x08009400   0x00002020   Data   RO          231    .constdata          oled.o
    0x0800b420   0x0800b420   0x00000018   Data   RO          304    .constdata          rtc.o
    0x0800b438   0x0800b438   0x000000e8   Data   RO          323    .constdata          paj7620u2.o
    0x0800b520   0x0800b520   0x000017c0   Data   RO          367    .constdata          ili93xx.o
    0x0800cce0   0x0800cce0   0x00000028   Data   RO          561    .constdata          c_w.l(_printf_hex_int.o)
    0x0800cd08   0x0800cd08   0x00000020   Data   RO          788    Region$$Table       anon$$obj.o


    Execution Region RW_IRAM1 (Exec base: 0x20000000, Load base: 0x0800cd28, Size: 0x00000b80, Max: 0x00010000, ABSOLUTE)

    Exec Addr    Load Addr    Size         Type   Attr      Idx    E Section Name        Object

    0x20000000   0x0800cd28   0x00000014   Data   RW          187    .data               system_stm32f10x.o
    0x20000014   0x0800cd3c   0x00000001   Data   RW          217    .data               key.o
    0x20000015   0x0800cd3d   0x00000001   PAD
    0x20000016   0x0800cd3e   0x00000003   Data   RW          266    .data               tpad.o
    0x20000019   0x0800cd41   0x00000001   PAD
    0x2000001a   0x0800cd42   0x00000002   Data   RW          305    .data               rtc.o
    0x2000001c   0x0800cd44   0x00000004   Data   RW          368    .data               ili93xx.o
    0x20000020   0x0800cd48   0x00000004   Data   RW          389    .data               delay.o
    0x20000024   0x0800cd4c   0x00000006   Data   RW          421    .data               usart.o
    0x2000002a   0x0800cd52   0x00000014   Data   RW          484    .data               stm32f10x_rcc.o
    0x2000003e   0x0800cd66   0x00000002   PAD
    0x20000040        -       0x00000400   Zero   RW          230    .bss                oled.o
    0x20000440        -       0x0000000a   Zero   RW          303    .bss                rtc.o
    0x2000044a        -       0x0000000e   Zero   RW          366    .bss                ili93xx.o
    0x20000458        -       0x000000c8   Zero   RW          420    .bss                usart.o
    0x20000520        -       0x00000060   Zero   RW          664    .bss                c_w.l(libspace.o)
    0x20000580        -       0x00000200   Zero   RW          453    HEAP                startup_stm32f10x_hd.o
    0x20000780        -       0x00000400   Zero   RW          452    STACK               startup_stm32f10x_hd.o


==============================================================================

Image component sizes


      Code (inc. data)   RO Data    RW Data    ZI Data      Debug   Object Name

       212         18          0          4          0       1035   delay.o
     19138        182       6080          4         14      21784   ili93xx.o
       216         14          0          1          0        816   key.o
        72         10          0          0          0        491   led.o
       300         20          0          0          0     253535   main.o
       220         22          0          0          0       1793   misc.o
      2884        200       8224          0       1024       7476   oled.o
      1656        430        232          0          0       4702   paj7620u2.o
       876         18          0          0          0       3349   paj7620u2_iic.o
      1144         62         24          2         10       4390   rtc.o
        64         26        304          0       1536        800   startup_stm32f10x_hd.o
       196          8          0          0          0       3536   stm32f10x_bkp.o
       860         38          0          0          0       5725   stm32f10x_gpio.o
        26          0          0          0          0       1178   stm32f10x_it.o
       204         14          0          0          0       1971   stm32f10x_pwr.o
       932         36          0         20          0       8900   stm32f10x_rcc.o
       328          4          0          0          0       2742   stm32f10x_rtc.o
      3610         88          0          0          0      43160   stm32f10x_tim.o
      1032         22          0          0          0       8452   stm32f10x_usart.o
       712         44          0          0          0       2720   sys.o
       480         38          0         20          0       1731   system_stm32f10x.o
       568         40          0          3          0       2439   tpad.o
       320         16          0          6        200       3174   usart.o

    ----------------------------------------------------------------------
     36056       1350      14896         64       2784     385899   Object Totals
         0          0         32          0          0          0   (incl. Generated)
         6          0          0          4          0          0   (incl. Padding)

    ----------------------------------------------------------------------

      Code (inc. data)   RO Data    RW Data    ZI Data      Debug   Library Member Name

         8          0          0          0          0         68   __main.o
       104          0          0          0          0         84   __printf.o
         0          0          0          0          0          0   __rtentry.o
        12          0          0          0          0          0   __rtentry2.o
         6          0          0          0          0          0   __rtentry4.o
        52          8          0          0          0          0   __scatter.o
        26          0          0          0          0          0   __scatter_copy.o
        28          0          0          0          0          0   __scatter_zi.o
        48          6          0          0          0         96   _printf_char_common.o
        36          4          0          0          0         80   _printf_char_file.o
         6          0          0          0          0          0   _printf_d.o
       120         16          0          0          0         92   _printf_dec.o
        88          4         40          0          0         88   _printf_hex_int.o
       178          0          0          0          0         88   _printf_intcommon.o
         0          0          0          0          0          0   _printf_percent.o
         4          0          0          0          0          0   _printf_percent_end.o
         6          0          0          0          0          0   _printf_x.o
        18          0          0          0          0         80   exit.o
         8          0          0          0          0         68   ferror.o
         6          0          0          0          0        152   heapauxi.o
         2          0          0          0          0          0   libinit.o
         2          0          0          0          0          0   libinit2.o
         2          0          0          0          0          0   libshutdown.o
         2          0          0          0          0          0   libshutdown2.o
         8          4          0          0         96         68   libspace.o
        24          4          0          0          0         84   noretval__2printf.o
         2          0          0          0          0          0   rtexit.o
        10          0          0          0          0          0   rtexit2.o
        74          0          0          0          0         80   sys_stackheap_outer.o
         2          0          0          0          0         68   use_no_semi.o
         2          0          0          0          0         68   use_no_semi_2.o
        90          4          0          0          0         92   dfixu.o
        38          0          0          0          0         68   dflt_clz.o
       340         12          0          0          0        104   dmul.o
       156          4          0          0          0         92   dnaninf.o
        12          0          0          0          0         68   dretinf.o
         0          0          0          0          0          0   usenofp.o

    ----------------------------------------------------------------------
      1528         66         40          0         96       1688   Library Totals
         8          0          0          0          0          0   (incl. Padding)

    ----------------------------------------------------------------------

      Code (inc. data)   RO Data    RW Data    ZI Data      Debug   Library Name

       884         46         40          0         96       1264   c_w.l
       636         20          0          0          0        424   fz_ws.l

    ----------------------------------------------------------------------
      1528         66         40          0         96       1688   Library Totals

    ----------------------------------------------------------------------

==============================================================================


      Code (inc. data)   RO Data    RW Data    ZI Data      Debug   

     37584       1416      14936         64       2880     384567   Grand Totals
     37584       1416      14936         64       2880     384567   ELF Image Totals
     37584       1416      14936         64          0          0   ROM Totals

==============================================================================

    Total RO  Size (Code + RO Data)                52520 (  51.29kB)
    Total RW  Size (RW Data + ZI Data)              2944 (   2.88kB)
    Total ROM Size (Code + RO Data + RW Data)      52584 (  51.35kB)

==============================================================================

